 zlibwapi

 Timestamp is 5a7ea73c (Sat Feb 10 09:03:08 2018)

 Preferred load address is 10000000

 Start         Length     Name                   Class
 0001:00000000 00022cd7H .text$mn                CODE
 0002:00000000 00000104H .CRT$XCA                DATA
 0002:00000104 00000104H .CRT$XCZ                DATA
 0002:00000208 00000104H .CRT$XIA                DATA
 0002:0000030c 00000104H .CRT$XIZ                DATA
 0002:00000410 00000104H .CRT$XPA                DATA
 0002:00000514 00000104H .CRT$XPZ                DATA
 0002:00000618 00000104H .CRT$XTA                DATA
 0002:0000071c 00000104H .CRT$XTZ                DATA
 0002:00000820 00004d40H .rdata                  DATA
 0002:00005560 00000104H .rdata$sxdata           DATA
 0002:00005664 000001a4H .rdata$zzzdbg           DATA
 0002:00005808 00000104H .rtc$IAA                DATA
 0002:0000590c 00000104H .rtc$IZZ                DATA
 0002:00005a10 00000104H .rtc$TAA                DATA
 0002:00005b14 00000104H .rtc$TZZ                DATA
 0002:00005c18 00000198H .xdata$x                DATA
 0002:00005db0 00001091H .edata                  DATA
 0003:00000000 00000878H .data                   DATA
 0003:00000878 00000458H .bss                    DATA
 0004:00000000 000001b4H .idata$5                DATA
 0004:000001b4 0000003cH .idata$2                DATA
 0004:000001f0 00000014H .idata$3                DATA
 0004:00000204 000001b4H .idata$4                DATA
 0004:000003b8 0000059dH .idata$6                DATA
 0005:00000000 00000104H .00cfg                  DATA
 0006:00000000 00000170H .rsrc$01                DATA
 0006:00000170 000004dcH .rsrc$02                DATA

  Address         Publics by Value              Rva+Base       Lib:Object

 0000:00000000       ___dynamic_value_reloc_table 00000000     <absolute>
 0000:00000000       ___guard_iat_table         00000000     <absolute>
 0000:00000000       ___guard_iat_count         00000000     <absolute>
 0000:00000000       ___guard_longjmp_count     00000000     <absolute>
 0000:00000000       ___hybrid_code_map         00000000     <absolute>
 0000:00000000       ___guard_longjmp_table     00000000     <absolute>
 0000:00000000       ___enclave_config          00000000     <absolute>
 0000:00000000       ___hybrid_code_map_count   00000000     <absolute>
 0000:00000000       ___hybrid_auxiliary_iat    00000000     <absolute>
 0000:00000000       ___guard_fids_count        00000000     <absolute>
 0000:00000000       ___guard_fids_table        00000000     <absolute>
 0000:00000001       ___safe_se_handler_count   00000001     <absolute>
 0000:00000100       ___guard_flags             00000100     <absolute>
 0000:00000000       ___ImageBase               10000000     <linker-defined>
 0001:00000a40       _longest_match             10001a40 f   match686.obj
 0001:00000c24       _match_init                10001c24 f   match686.obj
 0001:00000da0       _inflate_fast              10001da0 f   inffas32.obj
 0001:00001620       _adler32@12                10002620 f   adler32.obj
 0001:00001640       _adler32_z@12              10002640 f   adler32.obj
 0001:00001be0       _adler32_combine@12        10002be0 f   adler32.obj
 0001:00001d00       _adler32_combine64@16      10002d00 f   adler32.obj
 0001:00001ee0       _compress@16               10002ee0 f   compress.obj
 0001:00001f00       _compress2@20              10002f00 f   compress.obj
 0001:00002030       _compressBound@4           10003030 f   compress.obj
 0001:000020b0       _crc32@12                  100030b0 f   crc32.obj
 0001:000020d0       _crc32_z@12                100030d0 f   crc32.obj
 0001:00002320       _crc32_combine@12          10003320 f   crc32.obj
 0001:00002340       _get_crc_table@0           10003340 f   crc32.obj
 0001:00003020       _crc32_combine64@16        10004020 f   crc32.obj
 0001:00003430       _deflate@8                 10004430 f   deflate.obj
 0001:00004450       _deflateEnd@4              10005450 f   deflate.obj
 0001:00004560       _deflateSetDictionary@12   10005560 f   deflate.obj
 0001:000047d0       _deflateGetDictionary@12   100057d0 f   deflate.obj
 0001:00004870       _deflateCopy@8             10005870 f   deflate.obj
 0001:00004ad0       _deflateReset@4            10005ad0 f   deflate.obj
 0001:00004b00       _deflateParams@12          10005b00 f   deflate.obj
 0001:00004cb0       _deflateTune@20            10005cb0 f   deflate.obj
 0001:00004d10       _deflateBound@8            10005d10 f   deflate.obj
 0001:00004ea0       _deflatePending@12         10005ea0 f   deflate.obj
 0001:00004ef0       _deflatePrime@12           10005ef0 f   deflate.obj
 0001:00004fd0       _deflateSetHeader@8        10005fd0 f   deflate.obj
 0001:00005010       _deflateInit_@16           10006010 f   deflate.obj
 0001:00005040       _deflateInit2_@32          10006040 f   deflate.obj
 0001:000053b0       _deflateResetKeep@4        100063b0 f   deflate.obj
 0001:000089a0       _gzclose@4                 100099a0 f   gzclose.obj
 0001:00008a00       _gzdopen@8                 10009a00 f   gzlib.obj
 0001:00008a70       _gzbuffer@8                10009a70 f   gzlib.obj
 0001:00008ae0       _gzrewind@4                10009ae0 f   gzlib.obj
 0001:00008b70       _gzeof@4                   10009b70 f   gzlib.obj
 0001:00008bd0       _gzerror@8                 10009bd0 f   gzlib.obj
 0001:00008c50       _gzclearerr@4              10009c50 f   gzlib.obj
 0001:00008cc0       _gzopen@8                  10009cc0 f   gzlib.obj
 0001:00008ce0       _gzseek@12                 10009ce0 f   gzlib.obj
 0001:00008d40       _gztell@4                  10009d40 f   gzlib.obj
 0001:00008d90       _gzoffset@4                10009d90 f   gzlib.obj
 0001:00008de0       _gzopen_w@8                10009de0 f   gzlib.obj
 0001:00008e00       _gzopen64@8                10009e00 f   gzlib.obj
 0001:00008e20       _gzseek64@16               10009e20 f   gzlib.obj
 0001:00009100       _gztell64@4                1000a100 f   gzlib.obj
 0001:00009180       _gzoffset64@4              1000a180 f   gzlib.obj
 0001:00009220       _gz_error                  1000a220 f   gzlib.obj
 0001:00009b80       ___local_stdio_printf_options 1000ab80 f i gzlib.obj
 0001:00009b90       _snprintf                  1000ab90 f i gzlib.obj
 0001:00009be0       _vsnprintf                 1000abe0 f i gzlib.obj
 0001:00009c50       _gzread@12                 1000ac50 f   gzread.obj
 0001:00009cf0       _gzfread@16                1000acf0 f   gzread.obj
 0001:00009da0       _gzgets@12                 1000ada0 f   gzread.obj
 0001:00009f50       _gzgetc@4                  1000af50 f   gzread.obj
 0001:0000a020       _gzungetc@8                1000b020 f   gzread.obj
 0001:0000a1f0       _gzdirect@4                1000b1f0 f   gzread.obj
 0001:0000a240       _gzclose_r@4               1000b240 f   gzread.obj
 0001:0000a330       _gzgetc_@4                 1000b330 f   gzread.obj
 0001:0000aff0       _gzsetparams@12            1000bff0 f   gzwrite.obj
 0001:0000b0e0       _gzwrite@12                1000c0e0 f   gzwrite.obj
 0001:0000b150       _gzfwrite@16               1000c150 f   gzwrite.obj
 0001:0000b1f0       _gzprintf                  1000c1f0 f   gzwrite.obj
 0001:0000b230       _gzputs@8                  1000c230 f   gzwrite.obj
 0001:0000b2b0       _gzputc@8                  1000c2b0 f   gzwrite.obj
 0001:0000b3e0       _gzflush@8                 1000c3e0 f   gzwrite.obj
 0001:0000b480       _gzclose_w@4               1000c480 f   gzwrite.obj
 0001:0000b5a0       _gzvprintf                 1000c5a0 f   gzwrite.obj
 0001:0000c180       _inflateBack@20            1000d180 f   infback.obj
 0001:0000d550       _inflateBackEnd@4          1000e550 f   infback.obj
 0001:0000d5a0       _inflateBackInit_@20       1000e5a0 f   infback.obj
 0001:0000dc50       _inflate@8                 1000ec50 f   inflate.obj
 0001:0000fe10       _inflateEnd@4              10010e10 f   inflate.obj
 0001:0000fe90       _inflateSetDictionary@12   10010e90 f   inflate.obj
 0001:0000ff60       _inflateGetDictionary@12   10010f60 f   inflate.obj
 0001:00010000       _inflateSync@4             10011000 f   inflate.obj
 0001:00010190       _inflateCopy@8             10011190 f   inflate.obj
 0001:00010350       _inflateReset@4            10011350 f   inflate.obj
 0001:000103b0       _inflateReset2@8           100113b0 f   inflate.obj
 0001:00010480       _inflatePrime@12           10011480 f   inflate.obj
 0001:00010520       _inflateMark@4             10011520 f   inflate.obj
 0001:000105a0       _inflateGetHeader@8        100115a0 f   inflate.obj
 0001:00010600       _inflateInit_@12           10011600 f   inflate.obj
 0001:00010620       _inflateInit2_@16          10011620 f   inflate.obj
 0001:00010740       _inflateSyncPoint@4        10011740 f   inflate.obj
 0001:000107a0       _inflateUndermine@8        100117a0 f   inflate.obj
 0001:000107e0       _inflateValidate@8         100117e0 f   inflate.obj
 0001:00010840       _inflateCodesUsed@4        10011840 f   inflate.obj
 0001:00010880       _inflateResetKeep@4        10011880 f   inflate.obj
 0001:00011840       _inflate_table             10012840 f   inftrees.obj
 0001:00011f50       _fill_fopen64_filefunc     10012f50 f   ioapi.obj
 0001:00011fb0       _fill_fopen_filefunc       10012fb0 f   ioapi.obj
 0001:00012010       _call_zopen64              10013010 f   ioapi.obj
 0001:00012060       _call_zseek64              10013060 f   ioapi.obj
 0001:000120e0       _call_ztell64              100130e0 f   ioapi.obj
 0001:00012140       _fill_zlib_filefunc64_32_def_from_filefunc32 10013140 f   ioapi.obj
 0001:000125f0       _fill_win32_filefunc       100135f0 f   iowin32.obj
 0001:00012650       _fill_win32_filefunc64     10013650 f   iowin32.obj
 0001:000126b0       _fill_win32_filefunc64A    100136b0 f   iowin32.obj
 0001:00012710       _fill_win32_filefunc64W    10013710 f   iowin32.obj
 0001:00012770       _win32_open_file_func      10013770 f   iowin32.obj
 0001:000127e0       _win32_read_file_func      100137e0 f   iowin32.obj
 0001:00012850       _win32_write_file_func     10013850 f   iowin32.obj
 0001:000128c0       _win32_tell64_file_func    100138c0 f   iowin32.obj
 0001:00012950       _win32_seek64_file_func    10013950 f   iowin32.obj
 0001:00012a10       _win32_close_file_func     10013a10 f   iowin32.obj
 0001:00012a60       _win32_error_file_func     10013a60 f   iowin32.obj
 0001:00012b80       _win32_open64_file_func    10013b80 f   iowin32.obj
 0001:00012bf0       _win32_open64_file_funcA   10013bf0 f   iowin32.obj
 0001:00012c60       _win32_open64_file_funcW   10013c60 f   iowin32.obj
 0001:00012d40       _win32_tell_file_func      10013d40 f   iowin32.obj
 0001:00012dc0       _win32_seek_file_func      10013dc0 f   iowin32.obj
 0001:000130a0       __tr_init                  100140a0 f   trees.obj
 0001:00013130       __tr_tally                 10014130 f   trees.obj
 0001:00013270       __tr_flush_block           10014270 f   trees.obj
 0001:00013640       __tr_flush_bits            10014640 f   trees.obj
 0001:00013660       __tr_align                 10014660 f   trees.obj
 0001:000138d0       __tr_stored_block          100148d0 f   trees.obj
 0001:00016e80       _uncompress@16             10017e80 f   uncompr.obj
 0001:00016ea0       _uncompress2@16            10017ea0 f   uncompr.obj
 0001:00017090       _unzStringFileNameCompare@12 10018090 f   unzip.obj
 0001:000170d0       _unzOpen@4                 100180d0 f   unzip.obj
 0001:000170f0       _unzOpen64@4               100180f0 f   unzip.obj
 0001:00017110       _unzOpen2@8                10018110 f   unzip.obj
 0001:00017160       _unzOpen2_64@8             10018160 f   unzip.obj
 0001:000171c0       _unzClose@4                100181c0 f   unzip.obj
 0001:00017220       _unzGetGlobalInfo@8        10018220 f   unzip.obj
 0001:00017260       _unzGetGlobalInfo64@8      10018260 f   unzip.obj
 0001:000172a0       _unzGetGlobalComment@12    100182a0 f   unzip.obj
 0001:00017370       _unzGoToFirstFile@4        10018370 f   unzip.obj
 0001:00017410       _unzGoToNextFile@4         10018410 f   unzip.obj
 0001:00017550       _unzLocateFile@12          10018550 f   unzip.obj
 0001:000176b0       _unzGetFilePos@8           100186b0 f   unzip.obj
 0001:000176f0       _unzGoToFilePos@8          100186f0 f   unzip.obj
 0001:00017740       _unzGetFilePos64@8         10018740 f   unzip.obj
 0001:000177b0       _unzGoToFilePos64@8        100187b0 f   unzip.obj
 0001:00017850       _unzGetCurrentFileInfo64@32 10018850 f   unzip.obj
 0001:00017890       _unzGetCurrentFileInfo@32  10018890 f   unzip.obj
 0001:00017990       _unzGetCurrentFileZStreamPos64@4 10018990 f   unzip.obj
 0001:000179f0       _unzOpenCurrentFile@4      100189f0 f   unzip.obj
 0001:00017a10       _unzOpenCurrentFilePassword@8 10018a10 f   unzip.obj
 0001:00017a30       _unzOpenCurrentFile2@16    10018a30 f   unzip.obj
 0001:00017a50       _unzOpenCurrentFile3@20    10018a50 f   unzip.obj
 0001:00017dc0       _unzCloseCurrentFile@4     10018dc0 f   unzip.obj
 0001:00017eb0       _unzReadCurrentFile@12     10018eb0 f   unzip.obj
 0001:00018390       _unztell@4                 10019390 f   unzip.obj
 0001:000183d0       _unztell64@4               100193d0 f   unzip.obj
 0001:00018420       _unzeof@4                  10019420 f   unzip.obj
 0001:00018480       _unzGetLocalExtrafield@12  10019480 f   unzip.obj
 0001:00018590       _unzGetOffset64@4          10019590 f   unzip.obj
 0001:00018640       _unzGetOffset@4            10019640 f   unzip.obj
 0001:00018670       _unzSetOffset64@12         10019670 f   unzip.obj
 0001:00018710       _unzSetOffset@8            10019710 f   unzip.obj
 0001:0001ae20       _zipOpen@8                 1001be20 f   zip.obj
 0001:0001ae40       _zipOpen64@8               1001be40 f   zip.obj
 0001:0001ae60       _zipOpen2@16               1001be60 f   zip.obj
 0001:0001aeb0       _zipOpen2_64@16            1001beb0 f   zip.obj
 0001:0001af10       _zipOpenNewFileInZip@40    1001bf10 f   zip.obj
 0001:0001af60       _zipOpenNewFileInZip64@44  1001bf60 f   zip.obj
 0001:0001afb0       _zipOpenNewFileInZip2@44   1001bfb0 f   zip.obj
 0001:0001b000       _zipOpenNewFileInZip2_64@48 1001c000 f   zip.obj
 0001:0001b050       _zipOpenNewFileInZip3@64   1001c050 f   zip.obj
 0001:0001b0b0       _zipOpenNewFileInZip3_64@68 1001c0b0 f   zip.obj
 0001:0001b110       _zipOpenNewFileInZip4@72   1001c110 f   zip.obj
 0001:0001b170       _zipOpenNewFileInZip4_64@76 1001c170 f   zip.obj
 0001:0001b8c0       _zipWriteInFileInZip@12    1001c8c0 f   zip.obj
 0001:0001bac0       _zipCloseFileInZip@4       1001cac0 f   zip.obj
 0001:0001bae0       _zipCloseFileInZipRaw@12   1001cae0 f   zip.obj
 0001:0001bb00       _zipCloseFileInZipRaw64@16 1001cb00 f   zip.obj
 0001:0001c200       _zipClose@8                1001d200 f   zip.obj
 0001:0001c420       _zipRemoveExtraInfoBlock@12 1001d420 f   zip.obj
 0001:0001d520       _LoadCentralDirectoryRecord 1001e520 f   zip.obj
 0001:0001db60       _zipOpen3@16               1001eb60 f   zip.obj
 0001:0001dd20       _Write_LocalFileHeader     1001ed20 f   zip.obj
 0001:0001e1e0       _Write_Zip64EndOfCentralDirectoryLocator 1001f1e0 f   zip.obj
 0001:0001e2a0       _Write_Zip64EndOfCentralDirectoryRecord 1001f2a0 f   zip.obj
 0001:0001e450       _Write_EndOfCentralDirectoryRecord 1001f450 f   zip.obj
 0001:0001e650       _Write_GlobalComment       1001f650 f   zip.obj
 0001:0001f510       _zlibVersion@0             10020510 f   zutil.obj
 0001:0001f520       _zlibCompileFlags@0        10020520 f   zutil.obj
 0001:0001f650       _zError@4                  10020650 f   zutil.obj
 0001:0001f670       _zcalloc                   10020670 f   zutil.obj
 0001:0001f690       _zcfree                    10020690 f   zutil.obj
 0001:0001f706       _CreateFileA@28            10020706 f   kernel32:KERNEL32.dll
 0001:0001f70c       _CreateFileW@28            1002070c f   kernel32:KERNEL32.dll
 0001:0001f712       _ReadFile@20               10020712 f   kernel32:KERNEL32.dll
 0001:0001f718       _SetFilePointer@16         10020718 f   kernel32:KERNEL32.dll
 0001:0001f71e       _WriteFile@20              1002071e f   kernel32:KERNEL32.dll
 0001:0001f724       _CloseHandle@4             10020724 f   kernel32:KERNEL32.dll
 0001:0001f72a       _GetLastError@0            1002072a f   kernel32:KERNEL32.dll
 0001:0001f730       __allrem                   10020730 f   MSVCRTD:llrem.obj
 0001:0001f810       __allshr                   10020810 f   MSVCRTD:llshr.obj
 0001:0001f840       __allmul                   10020840 f   MSVCRTD:llmul.obj
 0001:0001f890       __allshl                   10020890 f   MSVCRTD:llshl.obj
 0001:0001f8c0       __aulldiv                  100208c0 f   MSVCRTD:ulldiv.obj
 0001:0001f950       __aullshr                  10020950 f   MSVCRTD:ullshr.obj
 0001:0001f980       __alloca_probe             10020980 f   MSVCRTD:chkstk.obj
 0001:0001f980       __chkstk                   10020980 f   MSVCRTD:chkstk.obj
 0001:0001ff70       __CRT_INIT@12              10020f70 f   MSVCRTD:dll_dllmain.obj
 0001:0001ff90       __DllMainCRTStartup@12     10020f90 f   MSVCRTD:dll_dllmain.obj
 0001:00020050       ___security_init_cookie    10021050 f   MSVCRTD:gs_support.obj
 0001:000200f0       _DllMain@12                100210f0 f   MSVCRTD:dll_dllmain_stub.obj
 0001:00020120       ?__scrt_initialize_type_info@@YAXXZ 10021120 f   MSVCRTD:tncleanup.obj
 0001:00020140       ?__scrt_uninitialize_type_info@@YAXXZ 10021140 f   MSVCRTD:tncleanup.obj
 0001:00020160       ___local_stdio_scanf_options 10021160 f i MSVCRTD:default_local_stdio_options.obj
 0001:00020170       ___scrt_initialize_default_local_stdio_options 10021170 f   MSVCRTD:default_local_stdio_options.obj
 0001:000201c0       ??$__crt_fast_decode_pointer@PAP6AXXZ@@YAPAP6AXXZQAP6AXXZ@Z 100211c0 f i MSVCRTD:utility.obj
 0001:000201f0       ??$__crt_fast_encode_pointer@PAP6AXXZ@@YAPAP6AXXZQAP6AXXZ@Z 100211f0 f i MSVCRTD:utility.obj
 0001:00020230       ?__crt_rotate_pointer_value@@YAIIH@Z 10021230 f i MSVCRTD:utility.obj
 0001:00020240       ?configure_argv@__scrt_narrow_argv_policy@@SAHXZ 10021240 f i MSVCRTD:utility.obj
 0001:00020310       ?initialize_environment@__scrt_narrow_environment_policy@@SAHXZ 10021310 f i MSVCRTD:utility.obj
 0001:000203b0       _NtCurrentTeb              100213b0 f i MSVCRTD:utility.obj
 0001:000203c0       ___scrt_acquire_startup_lock 100213c0 f   MSVCRTD:utility.obj
 0001:00020420       ___scrt_dllmain_after_initialize_c 10021420 f   MSVCRTD:utility.obj
 0001:00020460       ___scrt_dllmain_before_initialize_c 10021460 f   MSVCRTD:utility.obj
 0001:00020490       ___scrt_dllmain_crt_thread_attach 10021490 f   MSVCRTD:utility.obj
 0001:000204d0       ___scrt_dllmain_crt_thread_detach 100214d0 f   MSVCRTD:utility.obj
 0001:000204f0       ___scrt_dllmain_exception_filter 100214f0 f   MSVCRTD:utility.obj
 0001:00020550       ___scrt_dllmain_uninitialize_c 10021550 f   MSVCRTD:utility.obj
 0001:00020590       ___scrt_dllmain_uninitialize_critical 10021590 f   MSVCRTD:utility.obj
 0001:000205b0       ___scrt_initialize_crt     100215b0 f   MSVCRTD:utility.obj
 0001:00020610       ___scrt_initialize_onexit_tables 10021610 f   MSVCRTD:utility.obj
 0001:00020730       ___scrt_is_nonwritable_in_current_image 10021730 f   MSVCRTD:utility.obj
 0001:000208b0       ___scrt_release_startup_lock 100218b0 f   MSVCRTD:utility.obj
 0001:000208e0       ___scrt_uninitialize_crt   100218e0 f   MSVCRTD:utility.obj
 0001:00020930       __onexit                   10021930 f   MSVCRTD:utility.obj
 0001:000209c0       _at_quick_exit             100219c0 f   MSVCRTD:utility.obj
 0001:00020a20       _atexit                    10021a20 f   MSVCRTD:utility.obj
 0001:00020a60       ___scrt_get_dyn_tls_init_callback 10021a60 f   MSVCRTD:dyn_tls_init.obj
 0001:00020a70       ___scrt_fastfail           10021a70 f   MSVCRTD:utility_desktop.obj
 0001:00020c00       ___scrt_get_show_window_mode 10021c00 f   MSVCRTD:utility_desktop.obj
 0001:00020c50       ___scrt_initialize_winrt   10021c50 f   MSVCRTD:utility_desktop.obj
 0001:00020c60       ___scrt_is_managed_app     10021c60 f   MSVCRTD:utility_desktop.obj
 0001:00020d10       ___scrt_set_unhandled_exception_filter 10021d10 f   MSVCRTD:utility_desktop.obj
 0001:00020d30       ___scrt_unhandled_exception_filter@4 10021d30 f   MSVCRTD:utility_desktop.obj
 0001:00020db0       __crt_debugger_hook        10021db0 f   MSVCRTD:utility_desktop.obj
 0001:00020dd0       __RTC_Initialize           10021dd0 f   MSVCRTD:_initsect_.obj
 0001:00020e10       __RTC_Terminate            10021e10 f   MSVCRTD:_initsect_.obj
 0001:00020e50       @_guard_check_icall@4      10021e50 f i MSVCRTD:checkcfg.obj
 0001:00020e70       __except_handler4          10021e70 f   MSVCRTD:_chandler4gs_.obj
 0001:00020ea0       ___isa_available_init      10021ea0 f   MSVCRTD:_cpu_disp_.obj
 0001:00021230       __get_startup_argv_mode    10022230 f   MSVCRTD:argv_mode.obj
 0001:00021240       ___scrt_is_ucrt_dll_in_use 10022240 f   MSVCRTD:ucrt_detection.obj
 0001:00021270       @_guard_check_icall_nop@4  10022270 f i MSVCRTD:guard_support.obj
 0001:00021280       _ReadNoFence               10022280 f i MSVCRTD:guard_support.obj
 0001:000212a0       _ReadPointerNoFence        100222a0 f i MSVCRTD:guard_support.obj
 0001:000212c0       __guard_icall_checks_enforced 100222c0 f i MSVCRTD:guard_support.obj
 0001:00021300       @__security_check_cookie@4 10022300 f   MSVCRTD:_secchk_.obj
 0001:00021320       ___raise_securityfailure   10022320 f   MSVCRTD:gs_report.obj
 0001:00021360       ___report_gsfailure        10022360 f   MSVCRTD:gs_report.obj
 0001:000214b0       ___report_rangecheckfailure 100224b0 f   MSVCRTD:gs_report.obj
 0001:000214c0       ___report_securityfailure  100224c0 f   MSVCRTD:gs_report.obj
 0001:000215d0       ___report_securityfailureEx 100225d0 f   MSVCRTD:gs_report.obj
 0001:0002173e       _memcpy                    1002273e f   vcruntimed:VCRUNTIME140D.dll
 0001:00021744       _memset                    10022744 f   vcruntimed:VCRUNTIME140D.dll
 0001:0002174a       _memchr                    1002274a f   vcruntimed:VCRUNTIME140D.dll
 0001:00021750       ___std_type_info_destroy_list 10022750 f   vcruntimed:VCRUNTIME140D.dll
 0001:00021756       __except_handler4_common   10022756 f   vcruntimed:VCRUNTIME140D.dll
 0001:0002175c       ___stdio_common_vsprintf   1002275c f   ucrtd:ucrtbased.dll
 0001:00021762       _strlen                    10022762 f   ucrtd:ucrtbased.dll
 0001:00021768       _free                      10022768 f   ucrtd:ucrtbased.dll
 0001:0002176e       _malloc                    1002276e f   ucrtd:ucrtbased.dll
 0001:00021774       _wcstombs                  10022774 f   ucrtd:ucrtbased.dll
 0001:0002177a       __wopen                    1002277a f   ucrtd:ucrtbased.dll
 0001:00021780       __lseeki64                 10022780 f   ucrtd:ucrtbased.dll
 0001:00021786       __open                     10022786 f   ucrtd:ucrtbased.dll
 0001:0002178c       __errno                    1002278c f   ucrtd:ucrtbased.dll
 0001:00021792       _strerror                  10022792 f   ucrtd:ucrtbased.dll
 0001:00021798       __close                    10022798 f   ucrtd:ucrtbased.dll
 0001:0002179e       __read                     1002279e f   ucrtd:ucrtbased.dll
 0001:000217a4       __write                    100227a4 f   ucrtd:ucrtbased.dll
 0001:000217aa       _fclose                    100227aa f   ucrtd:ucrtbased.dll
 0001:000217b0       _ferror                    100227b0 f   ucrtd:ucrtbased.dll
 0001:000217b6       _fopen                     100227b6 f   ucrtd:ucrtbased.dll
 0001:000217bc       _fread                     100227bc f   ucrtd:ucrtbased.dll
 0001:000217c2       _fseek                     100227c2 f   ucrtd:ucrtbased.dll
 0001:000217c8       __fseeki64                 100227c8 f   ucrtd:ucrtbased.dll
 0001:000217ce       _ftell                     100227ce f   ucrtd:ucrtbased.dll
 0001:000217d4       __ftelli64                 100227d4 f   ucrtd:ucrtbased.dll
 0001:000217da       _fwrite                    100227da f   ucrtd:ucrtbased.dll
 0001:000217e0       _strcmp                    100227e0 f   ucrtd:ucrtbased.dll
 0001:000217e6       _srand                     100227e6 f   ucrtd:ucrtbased.dll
 0001:000217ec       _rand                      100227ec f   ucrtd:ucrtbased.dll
 0001:000217f2       __time64                   100227f2 f   ucrtd:ucrtbased.dll
 0001:000217f8       __initterm                 100227f8 f   ucrtd:ucrtbased.dll
 0001:000217fe       __initterm_e               100227fe f   ucrtd:ucrtbased.dll
 0001:00021804       __seh_filter_dll           10022804 f   ucrtd:ucrtbased.dll
 0001:0002180a       __configure_narrow_argv    1002280a f   ucrtd:ucrtbased.dll
 0001:00021810       __initialize_narrow_environment 10022810 f   ucrtd:ucrtbased.dll
 0001:00021816       __initialize_onexit_table  10022816 f   ucrtd:ucrtbased.dll
 0001:0002181c       __register_onexit_function 1002281c f   ucrtd:ucrtbased.dll
 0001:00021822       __execute_onexit_table     10022822 f   ucrtd:ucrtbased.dll
 0001:00021828       __crt_atexit               10022828 f   ucrtd:ucrtbased.dll
 0001:0002182e       __crt_at_quick_exit        1002282e f   ucrtd:ucrtbased.dll
 0001:00021834       __cexit                    10022834 f   ucrtd:ucrtbased.dll
 0001:0002183a       _terminate                 1002283a f   ucrtd:ucrtbased.dll
 0001:00021840       _QueryPerformanceCounter@4 10022840 f   kernel32:KERNEL32.dll
 0001:00021846       _GetCurrentProcessId@0     10022846 f   kernel32:KERNEL32.dll
 0001:0002184c       _GetCurrentThreadId@0      1002284c f   kernel32:KERNEL32.dll
 0001:00021852       _GetSystemTimeAsFileTime@4 10022852 f   kernel32:KERNEL32.dll
 0001:00021858       _DisableThreadLibraryCalls@4 10022858 f   kernel32:KERNEL32.dll
 0001:0002185e       _InitializeSListHead@4     1002285e f   kernel32:KERNEL32.dll
 0001:00021864       _IsDebuggerPresent@0       10022864 f   kernel32:KERNEL32.dll
 0001:0002186a       _UnhandledExceptionFilter@4 1002286a f   kernel32:KERNEL32.dll
 0001:00021870       _SetUnhandledExceptionFilter@4 10022870 f   kernel32:KERNEL32.dll
 0001:00021876       _GetStartupInfoW@4         10022876 f   kernel32:KERNEL32.dll
 0001:0002187c       _IsProcessorFeaturePresent@4 1002287c f   kernel32:KERNEL32.dll
 0001:00021882       _GetModuleHandleW@4        10022882 f   kernel32:KERNEL32.dll
 0001:00021888       _GetCurrentProcess@0       10022888 f   kernel32:KERNEL32.dll
 0001:0002188e       _TerminateProcess@8        1002288e f   kernel32:KERNEL32.dll
 0001:000218a0       ___vcrt_initialize         100228a0 f   MSVCRTD:ucrt_stubs.obj
 0001:000218a0       ___acrt_initialize         100228a0 f   MSVCRTD:ucrt_stubs.obj
 0001:000218a0       ___scrt_stub_for_acrt_initialize 100228a0 f   MSVCRTD:ucrt_stubs.obj
 0001:000218b0       ___vcrt_thread_attach      100228b0 f   MSVCRTD:ucrt_stubs.obj
 0001:000218b0       ___acrt_thread_attach      100228b0 f   MSVCRTD:ucrt_stubs.obj
 0001:000218b0       ___scrt_stub_for_acrt_thread_attach 100228b0 f   MSVCRTD:ucrt_stubs.obj
 0001:000218c0       ___acrt_thread_detach      100228c0 f   MSVCRTD:ucrt_stubs.obj
 0001:000218c0       ___scrt_stub_for_acrt_thread_detach 100228c0 f   MSVCRTD:ucrt_stubs.obj
 0001:000218c0       ___vcrt_thread_detach      100228c0 f   MSVCRTD:ucrt_stubs.obj
 0001:000218d0       ___vcrt_uninitialize       100228d0 f   MSVCRTD:ucrt_stubs.obj
 0001:000218d0       ___acrt_uninitialize       100228d0 f   MSVCRTD:ucrt_stubs.obj
 0001:000218d0       ___scrt_stub_for_acrt_uninitialize 100228d0 f   MSVCRTD:ucrt_stubs.obj
 0001:000218e0       ___scrt_stub_for_acrt_uninitialize_critical 100228e0 f   MSVCRTD:ucrt_stubs.obj
 0001:000218e0       ___acrt_uninitialize_critical 100228e0 f   MSVCRTD:ucrt_stubs.obj
 0001:000218e0       ___vcrt_uninitialize_critical 100228e0 f   MSVCRTD:ucrt_stubs.obj
 0001:000218f0       ___scrt_stub_for_is_c_termination_complete 100228f0 f   MSVCRTD:ucrt_stubs.obj
 0001:000218f0       __is_c_termination_complete 100228f0 f   MSVCRTD:ucrt_stubs.obj
 0002:00000000       ___xc_a                    10024000     MSVCRTD:initializers.obj
 0002:00000104       ___xc_z                    10024104     MSVCRTD:initializers.obj
 0002:00000208       ___xi_a                    10024208     MSVCRTD:initializers.obj
 0002:0000030c       ___xi_z                    1002430c     MSVCRTD:initializers.obj
 0002:00000410       ___xp_a                    10024410     MSVCRTD:initializers.obj
 0002:00000514       ___xp_z                    10024514     MSVCRTD:initializers.obj
 0002:00000618       ___xt_a                    10024618     MSVCRTD:initializers.obj
 0002:0000071c       ___xt_z                    1002471c     MSVCRTD:initializers.obj
 0002:00002f08       _deflate_copyright         10026f08     deflate.obj
 0002:00004440       _inflate_copyright         10028440     inftrees.obj
 0002:000045b0       __length_code              100285b0     trees.obj
 0002:000046b0       __dist_code                100286b0     trees.obj
 0002:00005240       _unz_copyright             10029240     unzip.obj
 0002:000052a8       _zip_copyright             100292a8     zip.obj
 0002:00005308       _z_errmsg                  10029308     zutil.obj
 0002:00005338       __pRawDllMain              10029338     MSVCRTD:dll_dllmain.obj
 0002:00005338       __pDefaultRawDllMain       10029338     MSVCRTD:dll_dllmain.obj
 0002:00005388       __load_config_used         10029388     MSVCRTD:loadcfg.obj
 0002:00005560       ___safe_se_handler_table   10029560     <linker-defined>
 0002:00005808       ___rtc_iaa                 10029808     MSVCRTD:_initsect_.obj
 0002:0000590c       ___rtc_izz                 1002990c     MSVCRTD:_initsect_.obj
 0002:00005a10       ___rtc_taa                 10029a10     MSVCRTD:_initsect_.obj
 0002:00005b14       ___rtc_tzz                 10029b14     MSVCRTD:_initsect_.obj
 0003:00000750       ___scrt_native_dllmain_reason 1002b750     MSVCRTD:utility.obj
 0003:00000754       ___security_cookie         1002b754     MSVCRTD:gs_cookie.obj
 0003:00000758       ___security_cookie_complement 1002b758     MSVCRTD:gs_cookie.obj
 0003:00000760       ___isa_enabled             1002b760     MSVCRTD:_cpu_disp_.obj
 0003:00000764       ___scrt_ucrt_dll_is_in_use 1002b764     MSVCRTD:ucrt_stubs.obj
 0003:00000888       ?__type_info_root_node@@3U__type_info_node@@A 1002b888     MSVCRTD:tncleanup.obj
 0003:00000898       ?_OptionsStorage@?1??__local_stdio_printf_options@@9@4_KA 1002b898     MSVCRTD:default_local_stdio_options.obj
 0003:000008a8       ?_OptionsStorage@?1??__local_stdio_scanf_options@@9@4_KA 1002b8a8     MSVCRTD:default_local_stdio_options.obj
 0003:000008b4       ___scrt_current_native_startup_state 1002b8b4     MSVCRTD:utility.obj
 0003:000008b8       ___scrt_native_startup_lock 1002b8b8     MSVCRTD:utility.obj
 0003:000008dc       ___scrt_debugger_hook_flag 1002b8dc     MSVCRTD:utility_desktop.obj
 0003:000008e0       ___isa_available           1002b8e0     MSVCRTD:_cpu_disp_.obj
 0003:000008e4       ___favor                   1002b8e4     MSVCRTD:_cpu_disp_.obj
 0003:00000cb0       ?_OptionsStorage@?1??__local_stdio_printf_options@@9@9 1002bcb0     <common>
 0003:00000cc4       ___dyn_tls_init_callback   1002bcc4     <common>
 0004:00000000       __imp__CreateFileA@28      1002c000     kernel32:KERNEL32.dll
 0004:00000004       __imp__CreateFileW@28      1002c004     kernel32:KERNEL32.dll
 0004:00000008       __imp__ReadFile@20         1002c008     kernel32:KERNEL32.dll
 0004:0000000c       __imp__SetFilePointer@16   1002c00c     kernel32:KERNEL32.dll
 0004:00000010       __imp__WriteFile@20        1002c010     kernel32:KERNEL32.dll
 0004:00000014       __imp__CloseHandle@4       1002c014     kernel32:KERNEL32.dll
 0004:00000018       __imp__GetLastError@0      1002c018     kernel32:KERNEL32.dll
 0004:0000001c       __imp__GetCurrentProcess@0 1002c01c     kernel32:KERNEL32.dll
 0004:00000020       __imp__GetModuleHandleW@4  1002c020     kernel32:KERNEL32.dll
 0004:00000024       __imp__IsProcessorFeaturePresent@4 1002c024     kernel32:KERNEL32.dll
 0004:00000028       __imp__GetStartupInfoW@4   1002c028     kernel32:KERNEL32.dll
 0004:0000002c       __imp__SetUnhandledExceptionFilter@4 1002c02c     kernel32:KERNEL32.dll
 0004:00000030       __imp__UnhandledExceptionFilter@4 1002c030     kernel32:KERNEL32.dll
 0004:00000034       __imp__IsDebuggerPresent@0 1002c034     kernel32:KERNEL32.dll
 0004:00000038       __imp__InitializeSListHead@4 1002c038     kernel32:KERNEL32.dll
 0004:0000003c       __imp__DisableThreadLibraryCalls@4 1002c03c     kernel32:KERNEL32.dll
 0004:00000040       __imp__GetSystemTimeAsFileTime@4 1002c040     kernel32:KERNEL32.dll
 0004:00000044       __imp__GetCurrentThreadId@0 1002c044     kernel32:KERNEL32.dll
 0004:00000048       __imp__GetCurrentProcessId@0 1002c048     kernel32:KERNEL32.dll
 0004:0000004c       __imp__QueryPerformanceCounter@4 1002c04c     kernel32:KERNEL32.dll
 0004:00000050       __imp__TerminateProcess@8  1002c050     kernel32:KERNEL32.dll
 0004:00000054       \177KERNEL32_NULL_THUNK_DATA 1002c054     kernel32:KERNEL32.dll
 0004:00000090       __imp____std_type_info_destroy_list 1002c090     vcruntimed:VCRUNTIME140D.dll
 0004:00000094       __imp___except_handler4_common 1002c094     vcruntimed:VCRUNTIME140D.dll
 0004:00000098       __imp__memchr              1002c098     vcruntimed:VCRUNTIME140D.dll
 0004:0000009c       __imp__memcpy              1002c09c     vcruntimed:VCRUNTIME140D.dll
 0004:000000a0       __imp__memset              1002c0a0     vcruntimed:VCRUNTIME140D.dll
 0004:000000a4       \177VCRUNTIME140D_NULL_THUNK_DATA 1002c0a4     vcruntimed:VCRUNTIME140D.dll
 0004:000000d4       __imp__ferror              1002c0d4     ucrtd:ucrtbased.dll
 0004:000000d8       __imp__fopen               1002c0d8     ucrtd:ucrtbased.dll
 0004:000000dc       __imp__fread               1002c0dc     ucrtd:ucrtbased.dll
 0004:000000e0       __imp__fseek               1002c0e0     ucrtd:ucrtbased.dll
 0004:000000e4       __imp___fseeki64           1002c0e4     ucrtd:ucrtbased.dll
 0004:000000e8       __imp___lseeki64           1002c0e8     ucrtd:ucrtbased.dll
 0004:000000ec       __imp___ftelli64           1002c0ec     ucrtd:ucrtbased.dll
 0004:000000f0       __imp__fwrite              1002c0f0     ucrtd:ucrtbased.dll
 0004:000000f4       __imp__strcmp              1002c0f4     ucrtd:ucrtbased.dll
 0004:000000f8       __imp__srand               1002c0f8     ucrtd:ucrtbased.dll
 0004:000000fc       __imp__rand                1002c0fc     ucrtd:ucrtbased.dll
 0004:00000100       __imp___time64             1002c100     ucrtd:ucrtbased.dll
 0004:00000104       __imp___initterm           1002c104     ucrtd:ucrtbased.dll
 0004:00000108       __imp___initterm_e         1002c108     ucrtd:ucrtbased.dll
 0004:0000010c       __imp___write              1002c10c     ucrtd:ucrtbased.dll
 0004:00000110       __imp___configure_narrow_argv 1002c110     ucrtd:ucrtbased.dll
 0004:00000114       __imp___initialize_narrow_environment 1002c114     ucrtd:ucrtbased.dll
 0004:00000118       __imp___initialize_onexit_table 1002c118     ucrtd:ucrtbased.dll
 0004:0000011c       __imp___register_onexit_function 1002c11c     ucrtd:ucrtbased.dll
 0004:00000120       __imp___execute_onexit_table 1002c120     ucrtd:ucrtbased.dll
 0004:00000124       __imp___crt_atexit         1002c124     ucrtd:ucrtbased.dll
 0004:00000128       __imp___crt_at_quick_exit  1002c128     ucrtd:ucrtbased.dll
 0004:0000012c       __imp___cexit              1002c12c     ucrtd:ucrtbased.dll
 0004:00000130       __imp__terminate           1002c130     ucrtd:ucrtbased.dll
 0004:00000134       __imp___read               1002c134     ucrtd:ucrtbased.dll
 0004:00000138       __imp___wopen              1002c138     ucrtd:ucrtbased.dll
 0004:0000013c       __imp__wcstombs            1002c13c     ucrtd:ucrtbased.dll
 0004:00000140       __imp__malloc              1002c140     ucrtd:ucrtbased.dll
 0004:00000144       __imp__free                1002c144     ucrtd:ucrtbased.dll
 0004:00000148       __imp__strlen              1002c148     ucrtd:ucrtbased.dll
 0004:0000014c       __imp____stdio_common_vsprintf 1002c14c     ucrtd:ucrtbased.dll
 0004:00000150       __imp__fclose              1002c150     ucrtd:ucrtbased.dll
 0004:00000154       __imp___close              1002c154     ucrtd:ucrtbased.dll
 0004:00000158       __imp__strerror            1002c158     ucrtd:ucrtbased.dll
 0004:0000015c       __imp___errno              1002c15c     ucrtd:ucrtbased.dll
 0004:00000160       __imp___seh_filter_dll     1002c160     ucrtd:ucrtbased.dll
 0004:00000164       __imp___open               1002c164     ucrtd:ucrtbased.dll
 0004:00000168       __imp__ftell               1002c168     ucrtd:ucrtbased.dll
 0004:0000016c       \177ucrtbased_NULL_THUNK_DATA 1002c16c     ucrtd:ucrtbased.dll
 0004:000001b4       __IMPORT_DESCRIPTOR_KERNEL32 1002c1b4     kernel32:KERNEL32.dll
 0004:000001c8       __IMPORT_DESCRIPTOR_VCRUNTIME140D 1002c1c8     vcruntimed:VCRUNTIME140D.dll
 0004:000001dc       __IMPORT_DESCRIPTOR_ucrtbased 1002c1dc     ucrtd:ucrtbased.dll
 0004:000001f0       __NULL_IMPORT_DESCRIPTOR   1002c1f0     kernel32:KERNEL32.dll
 0005:00000000       ___guard_check_icall_fptr  1002d000     MSVCRTD:guard_support.obj
