 zlibwapi

 Timestamp is 5a7ea74e (Sat Feb 10 09:03:26 2018)

 Preferred load address is 10000000

 Start         Length     Name                   Class
 0001:00000000 00051045H .text$mn                CODE
 0002:00000000 00000160H .idata$5                DATA
 0002:00000160 00000004H .00cfg                  DATA
 0002:00000164 00000004H .CRT$XCA                DATA
 0002:00000168 00000004H .CRT$XCZ                DATA
 0002:0000016c 00000004H .CRT$XIA                DATA
 0002:00000170 0000000cH .CRT$XIC                DATA
 0002:0000017c 00000004H .CRT$XIZ                DATA
 0002:00000180 00000004H .CRT$XPA                DATA
 0002:00000184 00000008H .CRT$XPX                DATA
 0002:0000018c 00000004H .CRT$XPXA               DATA
 0002:00000190 00000004H .CRT$XPZ                DATA
 0002:00000194 00000004H .CRT$XTA                DATA
 0002:00000198 00000008H .CRT$XTZ                DATA
 0002:0000019c 00000000H .gfids$y                DATA
 0002:000001a0 0000b550H .rdata                  DATA
 0002:0000b6f0 0000020cH .rdata$r                DATA
 0002:0000b8fc 000002f8H .rdata$zzzdbg           DATA
 0002:0000bbf4 00000004H .rtc$IAA                DATA
 0002:0000bbf8 00000004H .rtc$IZZ                DATA
 0002:0000bbfc 00000004H .rtc$TAA                DATA
 0002:0000bc00 00000008H .rtc$TZZ                DATA
 0002:0000bc08 000008e8H .xdata$x                DATA
 0002:0000c4f0 00000cfcH .edata                  DATA
 0002:0000d1ec 00000014H .idata$2                DATA
 0002:0000d200 00000014H .idata$3                DATA
 0002:0000d214 00000160H .idata$4                DATA
 0002:0000d374 00000670H .idata$6                DATA
 0003:00000000 000008b0H .data                   DATA
 0003:000008b0 000000b8H .data$r                 DATA
 0003:00000968 00001290H .bss                    DATA
 0004:00000000 00000060H .rsrc$01                DATA
 0004:00000060 00000338H .rsrc$02                DATA

  Address         Publics by Value              Rva+Base       Lib:Object

 0000:00000000       ___safe_se_handler_count   00000000     <absolute>
 0000:00000000       ___safe_se_handler_table   00000000     <absolute>
 0000:00000000       __except_list              00000000     <absolute>
 0000:00000000       ___dynamic_value_reloc_table 00000000     <absolute>
 0000:00000000       ___guard_longjmp_count     00000000     <absolute>
 0000:00000000       ___enclave_config          00000000     <absolute>
 0000:00000000       ___guard_fids_count        00000000     <absolute>
 0000:00000000       ___guard_iat_count         00000000     <absolute>
 0000:00000000       ___guard_iat_table         00000000     <absolute>
 0000:00000000       ___hybrid_code_map_count   00000000     <absolute>
 0000:00000000       ___guard_longjmp_table     00000000     <absolute>
 0000:00000000       ___hybrid_code_map         00000000     <absolute>
 0000:00000000       ___guard_fids_table        00000000     <absolute>
 0000:00000000       ___hybrid_auxiliary_iat    00000000     <absolute>
 0000:00000100       ___guard_flags             00000100     <absolute>
 0000:00000000       ___ImageBase               10000000     <linker-defined>
 0001:00000000       _adler32_z@12              10001000 f   adler32.obj
 0001:00000280       _adler32@12                10001280 f   adler32.obj
 0001:00000360       _adler32_combine@12        10001360 f   adler32.obj
 0001:00000380       _compress2@20              10001380 f   compress.obj
 0001:00000460       _compress@16               10001460 f   compress.obj
 0001:00000480       _compressBound@4           10001480 f   compress.obj
 0001:000004a0       _get_crc_table@0           100014a0 f   crc32.obj
 0001:000004b0       _crc32_z@12                100014b0 f   crc32.obj
 0001:000004e0       _crc32@12                  100014e0 f   crc32.obj
 0001:00000bb0       _crc32_combine@12          10001bb0 f   crc32.obj
 0001:00000c40       _deflateInit_@16           10001c40 f   deflate.obj
 0001:00000c60       _deflateInit2_@32          10001c60 f   deflate.obj
 0001:00000f00       _deflateSetDictionary@12   10001f00 f   deflate.obj
 0001:000010b0       _deflateGetDictionary@12   100020b0 f   deflate.obj
 0001:00001110       _deflateResetKeep@4        10002110 f   deflate.obj
 0001:000011c0       _deflateReset@4            100021c0 f   deflate.obj
 0001:000011f0       _deflateSetHeader@8        100021f0 f   deflate.obj
 0001:00001220       _deflatePending@12         10002220 f   deflate.obj
 0001:00001260       _deflatePrime@12           10002260 f   deflate.obj
 0001:00001300       _deflateParams@12          10002300 f   deflate.obj
 0001:00001450       _deflateTune@20            10002450 f   deflate.obj
 0001:000014a0       _deflateBound@8            100024a0 f   deflate.obj
 0001:00001610       _deflate@8                 10002610 f   deflate.obj
 0001:00001ee0       _deflateEnd@4              10002ee0 f   deflate.obj
 0001:00001f90       _deflateCopy@8             10002f90 f   deflate.obj
 0001:00003270       _gzclose@4                 10004270 f   gzclose.obj
 0001:000032a0       ___local_stdio_printf_options 100042a0 f i gzlib.obj
 0001:000032b0       _vsnprintf                 100042b0 f i gzlib.obj
 0001:000032f0       _snprintf                  100042f0 f i gzlib.obj
 0001:000036a0       _gzopen@8                  100046a0 f   gzlib.obj
 0001:000036c0       _gzdopen@8                 100046c0 f   gzlib.obj
 0001:00003720       _gzopen_w@8                10004720 f   gzlib.obj
 0001:00003740       _gzbuffer@8                10004740 f   gzlib.obj
 0001:00003790       _gzrewind@4                10004790 f   gzlib.obj
 0001:000037f0       _gzseek64@16               100047f0 f   gzlib.obj
 0001:00003990       _gzseek@12                 10004990 f   gzlib.obj
 0001:000039d0       _gztell64@4                100049d0 f   gzlib.obj
 0001:00003a30       _gztell@4                  10004a30 f   gzlib.obj
 0001:00003a60       _gzoffset64@4              10004a60 f   gzlib.obj
 0001:00003ab0       _gzoffset@4                10004ab0 f   gzlib.obj
 0001:00003ae0       _gzeof@4                   10004ae0 f   gzlib.obj
 0001:00003b10       _gzerror@8                 10004b10 f   gzlib.obj
 0001:00003b60       _gzclearerr@4              10004b60 f   gzlib.obj
 0001:00003bb0       _gz_error                  10004bb0 f   gzlib.obj
 0001:00004280       _gzread@12                 10005280 f   gzread.obj
 0001:000042f0       _gzfread@16                100052f0 f   gzread.obj
 0001:00004370       _gzgetc@4                  10005370 f   gzread.obj
 0001:000043e0       _gzgetc_@4                 100053e0 f   gzread.obj
 0001:000043f0       _gzungetc@8                100053f0 f   gzread.obj
 0001:000044e0       _gzgets@12                 100054e0 f   gzread.obj
 0001:00004610       _gzdirect@4                10005610 f   gzread.obj
 0001:00004650       _gzclose_r@4               10005650 f   gzread.obj
 0001:00004ac0       _gzwrite@12                10005ac0 f   gzwrite.obj
 0001:00004b10       _gzfwrite@16               10005b10 f   gzwrite.obj
 0001:00004b80       _gzputc@8                  10005b80 f   gzwrite.obj
 0001:00004c50       _gzputs@8                  10005c50 f   gzwrite.obj
 0001:00004ca0       _gzvprintf                 10005ca0 f   gzwrite.obj
 0001:00004dd0       _gzprintf                  10005dd0 f   gzwrite.obj
 0001:00004df0       _gzflush@8                 10005df0 f   gzwrite.obj
 0001:00004e60       _gzsetparams@12            10005e60 f   gzwrite.obj
 0001:00004f20       _gzclose_w@4               10005f20 f   gzwrite.obj
 0001:00004ff0       _inflateBackInit_@20       10005ff0 f   infback.obj
 0001:000050f0       _inflateBack@20            100060f0 f   infback.obj
 0001:00005ef0       _inflateBackEnd@4          10006ef0 f   infback.obj
 0001:00005f70       _inflateResetKeep@4        10006f70 f   inflate.obj
 0001:00006010       _inflateReset@4            10007010 f   inflate.obj
 0001:00006050       _inflateReset2@8           10007050 f   inflate.obj
 0001:000060e0       _inflateInit2_@16          100070e0 f   inflate.obj
 0001:000061b0       _inflateInit_@12           100071b0 f   inflate.obj
 0001:000061d0       _inflatePrime@12           100071d0 f   inflate.obj
 0001:00006370       _inflate@8                 10007370 f   inflate.obj
 0001:00007b40       _inflateEnd@4              10008b40 f   inflate.obj
 0001:00007b90       _inflateGetDictionary@12   10008b90 f   inflate.obj
 0001:00007c00       _inflateSetDictionary@12   10008c00 f   inflate.obj
 0001:00007cb0       _inflateGetHeader@8        10008cb0 f   inflate.obj
 0001:00007d70       _inflateSync@4             10008d70 f   inflate.obj
 0001:00007e60       _inflateSyncPoint@4        10008e60 f   inflate.obj
 0001:00007ea0       _inflateCopy@8             10008ea0 f   inflate.obj
 0001:00007ff0       _inflateUndermine@8        10008ff0 f   inflate.obj
 0001:00008020       _inflateValidate@8         10009020 f   inflate.obj
 0001:00008060       _inflateMark@4             10009060 f   inflate.obj
 0001:000080d0       _inflateCodesUsed@4        100090d0 f   inflate.obj
 0001:00008100       _inflate_table             10009100 f   inftrees.obj
 0001:00008510       _call_zopen64              10009510 f   ioapi.obj
 0001:00008530       _call_zseek64              10009530 f   ioapi.obj
 0001:00008580       _call_ztell64              10009580 f   ioapi.obj
 0001:000085b0       _fill_zlib_filefunc64_32_def_from_filefunc32 100095b0 f   ioapi.obj
 0001:000087c0       _fill_fopen64_filefunc     100097c0 f   ioapi.obj
 0001:000088b0       _win32_open64_file_func    100098b0 f   iowin32.obj
 0001:00008910       _win32_open64_file_funcA   10009910 f   iowin32.obj
 0001:00008970       _win32_open64_file_funcW   10009970 f   iowin32.obj
 0001:000089d0       _win32_open_file_func      100099d0 f   iowin32.obj
 0001:00008a30       _win32_read_file_func      10009a30 f   iowin32.obj
 0001:00008a80       _win32_write_file_func     10009a80 f   iowin32.obj
 0001:00008b30       _win32_tell_file_func      10009b30 f   iowin32.obj
 0001:00008b80       _win32_tell64_file_func    10009b80 f   iowin32.obj
 0001:00008be0       _win32_seek_file_func      10009be0 f   iowin32.obj
 0001:00008c50       _win32_seek64_file_func    10009c50 f   iowin32.obj
 0001:00008cd0       _win32_close_file_func     10009cd0 f   iowin32.obj
 0001:00008d10       _win32_error_file_func     10009d10 f   iowin32.obj
 0001:00008d30       _fill_win32_filefunc       10009d30 f   iowin32.obj
 0001:00008d70       _fill_win32_filefunc64     10009d70 f   iowin32.obj
 0001:00008db0       _fill_win32_filefunc64A    10009db0 f   iowin32.obj
 0001:00008df0       _fill_win32_filefunc64W    10009df0 f   iowin32.obj
 0001:00008e40       __tr_init                  10009e40 f   trees.obj
 0001:00009e70       __tr_stored_block          1000ae70 f   trees.obj
 0001:00009f70       __tr_flush_bits            1000af70 f   trees.obj
 0001:00009f80       __tr_align                 1000af80 f   trees.obj
 0001:0000a060       __tr_flush_block           1000b060 f   trees.obj
 0001:0000a820       _uncompress2@16            1000b820 f   uncompr.obj
 0001:0000a950       _uncompress@16             1000b950 f   uncompr.obj
 0001:0000acd0       _unzStringFileNameCompare@12 1000bcd0 f   unzip.obj
 0001:0000b570       _unzOpen2@8                1000c570 f   unzip.obj
 0001:0000b5c0       _unzOpen2_64@8             1000c5c0 f   unzip.obj
 0001:0000b620       _unzOpen@4                 1000c620 f   unzip.obj
 0001:0000b640       _unzOpen64@4               1000c640 f   unzip.obj
 0001:0000b660       _unzClose@4                1000c660 f   unzip.obj
 0001:0000b6a0       _unzGetGlobalInfo64@8      1000c6a0 f   unzip.obj
 0001:0000b6d0       _unzGetGlobalInfo@8        1000c6d0 f   unzip.obj
 0001:0000bd40       _unzGetCurrentFileInfo64@32 1000cd40 f   unzip.obj
 0001:0000bd70       _unzGetCurrentFileInfo@32  1000cd70 f   unzip.obj
 0001:0000be30       _unzGoToFirstFile@4        1000ce30 f   unzip.obj
 0001:0000bea0       _unzGoToNextFile@4         1000cea0 f   unzip.obj
 0001:0000bf50       _unzLocateFile@12          1000cf50 f   unzip.obj
 0001:0000c100       _unzGetFilePos64@8         1000d100 f   unzip.obj
 0001:0000c150       _unzGetFilePos@8           1000d150 f   unzip.obj
 0001:0000c180       _unzGoToFilePos64@8        1000d180 f   unzip.obj
 0001:0000c1f0       _unzGoToFilePos@8          1000d1f0 f   unzip.obj
 0001:0000c490       _unzOpenCurrentFile3@20    1000d490 f   unzip.obj
 0001:0000c700       _unzOpenCurrentFile@4      1000d700 f   unzip.obj
 0001:0000c720       _unzOpenCurrentFilePassword@8 1000d720 f   unzip.obj
 0001:0000c740       _unzOpenCurrentFile2@16    1000d740 f   unzip.obj
 0001:0000c760       _unzGetCurrentFileZStreamPos64@4 1000d760 f   unzip.obj
 0001:0000c7a0       _unzReadCurrentFile@12     1000d7a0 f   unzip.obj
 0001:0000ca70       _unztell@4                 1000da70 f   unzip.obj
 0001:0000caa0       _unztell64@4               1000daa0 f   unzip.obj
 0001:0000cad0       _unzeof@4                  1000dad0 f   unzip.obj
 0001:0000cb10       _unzGetLocalExtrafield@12  1000db10 f   unzip.obj
 0001:0000cbe0       _unzCloseCurrentFile@4     1000dbe0 f   unzip.obj
 0001:0000cc80       _unzGetGlobalComment@12    1000dc80 f   unzip.obj
 0001:0000d890       _LoadCentralDirectoryRecord 1000e890 f   zip.obj
 0001:0000dd50       _zipOpen3@16               1000ed50 f   zip.obj
 0001:0000dec0       _zipOpen2@16               1000eec0 f   zip.obj
 0001:0000df10       _zipOpen2_64@16            1000ef10 f   zip.obj
 0001:0000df70       _zipOpen@8                 1000ef70 f   zip.obj
 0001:0000df90       _zipOpen64@8               1000ef90 f   zip.obj
 0001:0000dfb0       _Write_LocalFileHeader     1000efb0 f   zip.obj
 0001:0000e1f0       _zipOpenNewFileInZip4_64@76 1000f1f0 f   zip.obj
 0001:0000e710       _zipOpenNewFileInZip3@64   1000f710 f   zip.obj
 0001:0000e760       _zipOpenNewFileInZip3_64@68 1000f760 f   zip.obj
 0001:0000e7b0       _zipOpenNewFileInZip2@44   1000f7b0 f   zip.obj
 0001:0000e7f0       _zipOpenNewFileInZip2_64@48 1000f7f0 f   zip.obj
 0001:0000e830       _zipOpenNewFileInZip64@44  1000f830 f   zip.obj
 0001:0000e870       _zipOpenNewFileInZip@40    1000f870 f   zip.obj
 0001:0000e970       _zipWriteInFileInZip@12    1000f970 f   zip.obj
 0001:0000ea80       _zipCloseFileInZipRaw@12   1000fa80 f   zip.obj
 0001:0000eaa0       _zipCloseFileInZipRaw64@16 1000faa0 f   zip.obj
 0001:0000ef90       _zipCloseFileInZip@4       1000ff90 f   zip.obj
 0001:0000efb0       _Write_Zip64EndOfCentralDirectoryLocator 1000ffb0 f   zip.obj
 0001:0000f030       _Write_Zip64EndOfCentralDirectoryRecord 10010030 f   zip.obj
 0001:0000f150       _Write_EndOfCentralDirectoryRecord 10010150 f   zip.obj
 0001:0000f280       _Write_GlobalComment       10010280 f   zip.obj
 0001:0000f2f0       _zipClose@8                100102f0 f   zip.obj
 0001:0000f480       _zlibVersion@0             10010480 f   zutil.obj
 0001:0000f490       _zlibCompileFlags@0        10010490 f   zutil.obj
 0001:0000f4a0       _zError@4                  100104a0 f   zutil.obj
 0001:0000f4c0       _zcalloc                   100104c0 f   zutil.obj
 0001:0000f4e0       _zcfree                    100104e0 f   zutil.obj
 0001:0000f4f0       _longest_match             100104f0 f   match686.obj
 0001:0000f6d4       _match_init                100106d4 f   match686.obj
 0001:0000f7e0       _inflate_fast              100107e0 f   inffas32.obj
 0001:0000fe73       _ReadFile@20               10010e73 f   kernel32:KERNEL32.dll
 0001:0000fe79       _WriteFile@20              10010e79 f   kernel32:KERNEL32.dll
 0001:0000fe7f       _SetFilePointer@16         10010e7f f   kernel32:KERNEL32.dll
 0001:0000fe85       _CreateFileW@28            10010e85 f   kernel32:KERNEL32.dll
 0001:0000fe8b       _GetLastError@0            10010e8b f   kernel32:KERNEL32.dll
 0001:0000fe91       _CreateFileA@28            10010e91 f   kernel32:KERNEL32.dll
 0001:0000fe97       _CloseHandle@4             10010e97 f   kernel32:KERNEL32.dll
 0001:000101d4       __CRT_INIT@12              100111d4 f   LIBCMT:dll_dllmain.obj
 0001:000101dd       __DllMainCRTStartup@12     100111dd f   LIBCMT:dll_dllmain.obj
 0001:0001024f       ___security_init_cookie    1001124f f   LIBCMT:gs_support.obj
 0001:0001029a       _DllMain@12                1001129a f   LIBCMT:dll_dllmain_stub.obj
 0001:000102a0       ?__scrt_initialize_type_info@@YAXXZ 100112a0 f   LIBCMT:tncleanup.obj
 0001:000102ac       ?__scrt_uninitialize_type_info@@YAXXZ 100112ac f   LIBCMT:tncleanup.obj
 0001:000102b8       ___local_stdio_scanf_options 100112b8 f i LIBCMT:default_local_stdio_options.obj
 0001:000102be       ___scrt_initialize_default_local_stdio_options 100112be f   LIBCMT:default_local_stdio_options.obj
 0001:000102db       ??$__crt_fast_decode_pointer@PAP6AXXZ@@YAPAP6AXXZQAP6AXXZ@Z 100112db f i LIBCMT:utility.obj
 0001:000102ef       ??$__crt_fast_encode_pointer@PAP6AXXZ@@YAPAP6AXXZQAP6AXXZ@Z 100112ef f i LIBCMT:utility.obj
 0001:0001030c       ?__crt_rotate_pointer_value@@YAIIH@Z 1001130c f i LIBCMT:utility.obj
 0001:00010319       ?configure_argv@__scrt_narrow_argv_policy@@SAHXZ 10011319 f i LIBCMT:utility.obj
 0001:0001036a       ?initialize_environment@__scrt_narrow_environment_policy@@SAHXZ 1001136a f i LIBCMT:utility.obj
 0001:000103a2       _NtCurrentTeb              100113a2 f i LIBCMT:utility.obj
 0001:000103a9       ___scrt_acquire_startup_lock 100113a9 f   LIBCMT:utility.obj
 0001:000103de       ___scrt_dllmain_after_initialize_c 100113de f   LIBCMT:utility.obj
 0001:00010409       ___scrt_dllmain_before_initialize_c 10011409 f   LIBCMT:utility.obj
 0001:00010417       ___scrt_dllmain_crt_thread_attach 10011417 f   LIBCMT:utility.obj
 0001:00010436       ___scrt_dllmain_crt_thread_detach 10011436 f   LIBCMT:utility.obj
 0001:00010443       ___scrt_dllmain_exception_filter 10011443 f   LIBCMT:utility.obj
 0001:00010476       ___scrt_dllmain_uninitialize_c 10011476 f   LIBCMT:utility.obj
 0001:00010499       ___scrt_dllmain_uninitialize_critical 10011499 f   LIBCMT:utility.obj
 0001:000104a6       ___scrt_initialize_crt     100114a6 f   LIBCMT:utility.obj
 0001:000104df       ___scrt_initialize_onexit_tables 100114df f   LIBCMT:utility.obj
 0001:00010589       ___scrt_is_nonwritable_in_current_image 10011589 f   LIBCMT:utility.obj
 0001:00010613       ___scrt_release_startup_lock 10011613 f   LIBCMT:utility.obj
 0001:00010630       ___scrt_uninitialize_crt   10011630 f   LIBCMT:utility.obj
 0001:00010658       __onexit                   10011658 f   LIBCMT:utility.obj
 0001:00010693       _at_quick_exit             10011693 f   LIBCMT:utility.obj
 0001:000106c4       _atexit                    100116c4 f   LIBCMT:utility.obj
 0001:000106d9       ___scrt_get_dyn_tls_init_callback 100116d9 f   LIBCMT:dyn_tls_init.obj
 0001:000106df       ___scrt_fastfail           100116df f   LIBCMT:utility_desktop.obj
 0001:000107fb       ___scrt_get_show_window_mode 100117fb f   LIBCMT:utility_desktop.obj
 0001:0001082e       ___scrt_initialize_winrt   1001182e f   LIBCMT:utility_desktop.obj
 0001:00010831       ___scrt_is_managed_app     10011831 f   LIBCMT:utility_desktop.obj
 0001:00010875       ___scrt_set_unhandled_exception_filter 10011875 f   LIBCMT:utility_desktop.obj
 0001:00010881       ___scrt_unhandled_exception_filter@4 10011881 f   LIBCMT:utility_desktop.obj
 0001:000108c2       __crt_debugger_hook        100118c2 f   LIBCMT:utility_desktop.obj
 0001:000108ca       __RTC_Initialize           100118ca f   LIBCMT:_initsect_.obj
 0001:000108f5       __RTC_Terminate            100118f5 f   LIBCMT:_initsect_.obj
 0001:00010920       @_guard_check_icall@4      10011920 f i LIBCMT:checkcfg.obj
 0001:00010930       __SEH_prolog4              10011930 f   LIBCMT:_sehprolg4_.obj
 0001:00010976       __SEH_epilog4              10011976 f   LIBCMT:_sehprolg4_.obj
 0001:0001098b       ___isa_available_init      1001198b f   LIBCMT:_cpu_disp_.obj
 0001:00010b24       __get_startup_argv_mode    10011b24 f   LIBCMT:argv_mode.obj
 0001:00010b28       ___scrt_is_ucrt_dll_in_use 10011b28 f   LIBCMT:ucrt_detection.obj
 0001:00010b34       @_guard_check_icall_nop@4  10011b34 f i LIBCMT:guard_support.obj
 0001:00010b35       _ReadNoFence               10011b35 f i LIBCMT:guard_support.obj
 0001:00010b3f       _ReadPointerNoFence        10011b3f f i LIBCMT:guard_support.obj
 0001:00010b49       __guard_icall_checks_enforced 10011b49 f i LIBCMT:guard_support.obj
 0001:00010b5b       @__security_check_cookie@4 10011b5b f   LIBCMT:_secchk_.obj
 0001:00010b6c       ___raise_securityfailure   10011b6c f   LIBCMT:gs_report.obj
 0001:00010b94       ___report_gsfailure        10011b94 f   LIBCMT:gs_report.obj
 0001:00010c8f       ___report_rangecheckfailure 10011c8f f   LIBCMT:gs_report.obj
 0001:00010c9b       ___report_securityfailure  10011c9b f   LIBCMT:gs_report.obj
 0001:00010d6b       ___report_securityfailureEx 10011d6b f   LIBCMT:gs_report.obj
 0001:00010e90       _memchr                    10011e90 f   libvcruntime:memchr.obj
 0001:00010f80       __except_handler4          10011f80 f   libvcruntime:_chandler4_.obj
 0001:000110eb       ??$?RD@__crt_internal_free_policy@@QBEXQBD@Z 100120eb f i libvcruntime:std_type_info.obj
 0001:000110fb       ??$?RX@__crt_internal_free_policy@@QBEXQBX@Z 100120fb f i libvcruntime:std_type_info.obj
 0001:0001110b       ??$__crt_interlocked_compare_exchange_pointer@$$CBDPAD$$T@@YAPBDPDSBDQAD$$T@Z 1001210b f i libvcruntime:std_type_info.obj
 0001:0001111d       ??$__crt_interlocked_read_pointer@$$CBD@@YAPBDPDSBD@Z 1001211d f i libvcruntime:std_type_info.obj
 0001:00011127       ??0?$__crt_unique_heap_ptr@DU__crt_internal_free_policy@@@@QAE@QAD@Z 10012127 f i libvcruntime:std_type_info.obj
 0001:00011135       ??0?$__crt_unique_heap_ptr@XU__crt_internal_free_policy@@@@QAE@QAX@Z 10012135 f i libvcruntime:std_type_info.obj
 0001:00011143       ??1?$__crt_unique_heap_ptr@DU__crt_internal_free_policy@@@@QAE@XZ 10012143 f i libvcruntime:std_type_info.obj
 0001:00011153       ??1?$__crt_unique_heap_ptr@XU__crt_internal_free_policy@@@@QAE@XZ 10012153 f i libvcruntime:std_type_info.obj
 0001:0001116f       ??B?$__crt_unique_heap_ptr@DU__crt_internal_free_policy@@@@QBE_NXZ 1001216f f i libvcruntime:std_type_info.obj
 0001:00011176       ??B?$__crt_unique_heap_ptr@XU__crt_internal_free_policy@@@@QBE_NXZ 10012176 f i libvcruntime:std_type_info.obj
 0001:0001119d       ?__crt_interlocked_read_32@@YAHPDH@Z 1001219d f i libvcruntime:std_type_info.obj
 0001:000111a7       ?detach@?$__crt_unique_heap_ptr@XU__crt_internal_free_policy@@@@QAEPAXXZ 100121a7 f i libvcruntime:std_type_info.obj
 0001:000111ad       ?get@?$__crt_unique_heap_ptr@DU__crt_internal_free_policy@@@@QBEPADXZ 100121ad f i libvcruntime:std_type_info.obj
 0001:000111b0       ?get@?$__crt_unique_heap_ptr@XU__crt_internal_free_policy@@@@QBEPAXXZ 100121b0 f i libvcruntime:std_type_info.obj
 0001:000111b3       ?is_valid@?$__crt_unique_heap_ptr@DU__crt_internal_free_policy@@@@QBE_NXZ 100121b3 f i libvcruntime:std_type_info.obj
 0001:000111ba       ?is_valid@?$__crt_unique_heap_ptr@XU__crt_internal_free_policy@@@@QBE_NXZ 100121ba f i libvcruntime:std_type_info.obj
 0001:000111c1       ?release@?$__crt_unique_heap_ptr@DU__crt_internal_free_policy@@@@QAEXXZ 100121c1 f i libvcruntime:std_type_info.obj
 0001:000111d1       ?release@?$__crt_unique_heap_ptr@XU__crt_internal_free_policy@@@@QAEXXZ 100121d1 f i libvcruntime:std_type_info.obj
 0001:000111e1       ___std_type_info_compare   100121e1 f   libvcruntime:std_type_info.obj
 0001:0001121d       ___std_type_info_destroy_list 1001221d f   libvcruntime:std_type_info.obj
 0001:00011240       ___std_type_info_hash      10012240 f   libvcruntime:std_type_info.obj
 0001:00011266       ___std_type_info_name      10012266 f   libvcruntime:std_type_info.obj
 0001:0001132b       ___vcrt_initialize         1001232b f   libvcruntime:initialization.obj
 0001:00011354       ___vcrt_thread_attach      10012354 f   libvcruntime:initialization.obj
 0001:0001135f       ___vcrt_thread_detach      1001235f f   libvcruntime:initialization.obj
 0001:0001136a       ___vcrt_uninitialize       1001236a f   libvcruntime:initialization.obj
 0001:00011389       ___vcrt_uninitialize_critical 10012389 f   libvcruntime:initialization.obj
 0001:000113a0       _memset                    100123a0 f   libvcruntime:memset.obj
 0001:00011500       __local_unwind4            10012500 f   libvcruntime:_exsup4_.obj
 0001:000115d8       __seh_longjmp_unwind4@4    100125d8 f   libvcruntime:_exsup4_.obj
 0001:00011600       @_EH4_CallFilterFunc@8     10012600 f   libvcruntime:_exsup4_.obj
 0001:00011618       @_EH4_TransferToHandler@8  10012618 f   libvcruntime:_exsup4_.obj
 0001:00011634       @_EH4_GlobalUnwind2@8      10012634 f   libvcruntime:_exsup4_.obj
 0001:00011650       @_EH4_LocalUnwind@16       10012650 f   libvcruntime:_exsup4_.obj
 0001:00011672       ___except_validate_context_record 10012672 f   libvcruntime:jbcxrval.obj
 0001:000116a2       ___except_validate_jump_buffer 100126a2 f   libvcruntime:jbcxrval.obj
 0001:000116cf       ___except_validate_jump_buffer_common 100126cf f i libvcruntime:jbcxrval.obj
 0001:00011707       ??$__vcrt_va_start_verify_argument_type@QBD@@YAXXZ 10012707 f i libvcruntime:undname.obj
 0001:00011708       ??0Block@_HeapManager@@QAE@XZ 10012708 f i libvcruntime:undname.obj
 0001:0001170e       ??0DName@@QAE@AAPBDD@Z     1001270e f   libvcruntime:undname.obj
 0001:000117c0       ??0DName@@QAE@ABV0@@Z      100127c0 f i libvcruntime:undname.obj
 0001:000117d6       ??0DName@@QAE@D@Z          100127d6 f   libvcruntime:undname.obj
 0001:000117fb       ??0DName@@QAE@PAV0@@Z      100127fb f   libvcruntime:undname.obj
 0001:00011843       ??0DName@@QAE@PBD@Z        10012843 f   libvcruntime:undname.obj
 0001:00011876       ??0DName@@QAE@W4DNameStatus@@@Z 10012876 f   libvcruntime:undname.obj
 0001:000118a7       ??0DName@@QAE@XZ           100128a7 f i libvcruntime:undname.obj
 0001:000118b1       ??0DName@@QAE@_J@Z         100128b1 f   libvcruntime:undname.obj
 0001:0001193f       ??0DName@@QAE@_K@Z         1001293f f   libvcruntime:undname.obj
 0001:000119a7       ??0DNameNode@@IAE@XZ       100129a7 f i libvcruntime:undname.obj
 0001:000119b0       ??0Replicator@@QAE@XZ      100129b0 f i libvcruntime:undname.obj
 0001:000119b6       ??0UnDecorator@@QAE@PADPBDHP6APADJ@ZK@Z 100129b6 f i libvcruntime:undname.obj
 0001:00011a11       ??0charNode@@QAE@D@Z       10012a11 f i libvcruntime:undname.obj
 0001:00011a26       ??0pDNameNode@@QAE@PAVDName@@@Z 10012a26 f   libvcruntime:undname.obj
 0001:00011a4e       ??0pairNode@@QAE@PBVDNameNode@@0@Z 10012a4e f i libvcruntime:undname.obj
 0001:00011a6d       ??0pcharNode@@QAE@PBDH@Z   10012a6d f   libvcruntime:undname.obj
 0001:00011ac6       ??2@YAPAXIAAV_HeapManager@@H@Z 10012ac6 f i libvcruntime:undname.obj
 0001:00011adb       ??4DName@@QAEAAV0@ABV0@@Z  10012adb f   libvcruntime:undname.obj
 0001:00011af1       ??4DName@@QAEAAV0@D@Z      10012af1 f i libvcruntime:undname.obj
 0001:00011b16       ??4DName@@QAEAAV0@PAV0@@Z  10012b16 f   libvcruntime:undname.obj
 0001:00011b58       ??4DName@@QAEAAV0@PBD@Z    10012b58 f   libvcruntime:undname.obj
 0001:00011b83       ??4DName@@QAEAAV0@W4DNameStatus@@@Z 10012b83 f   libvcruntime:undname.obj
 0001:00011ba4       ??AReplicator@@QBE?AVDName@@H@Z 10012ba4 f   libvcruntime:undname.obj
 0001:00011be0       ??BUnDecorator@@QAEPADXZ   10012be0 f i libvcruntime:undname.obj
 0001:00011d52       ??H@YA?AVDName@@DABV0@@Z   10012d52 f i libvcruntime:undname.obj
 0001:00011d76       ??H@YA?AVDName@@PBDABV0@@Z 10012d76 f i libvcruntime:undname.obj
 0001:00011d9a       ??H@YA?AVDName@@W4DNameStatus@@ABV0@@Z 10012d9a f i libvcruntime:undname.obj
 0001:00011dbe       ??HDName@@QBE?AV0@ABV0@@Z  10012dbe f   libvcruntime:undname.obj
 0001:00011de0       ??HDName@@QBE?AV0@D@Z      10012de0 f   libvcruntime:undname.obj
 0001:00011e02       ??HDName@@QBE?AV0@PAV0@@Z  10012e02 f   libvcruntime:undname.obj
 0001:00011e24       ??HDName@@QBE?AV0@PBD@Z    10012e24 f   libvcruntime:undname.obj
 0001:00011e46       ??HDName@@QBE?AV0@W4DNameStatus@@@Z 10012e46 f   libvcruntime:undname.obj
 0001:00011e68       ??YDName@@QAEAAV0@ABV0@@Z  10012e68 f   libvcruntime:undname.obj
 0001:00011ea9       ??YDName@@QAEAAV0@D@Z      10012ea9 f   libvcruntime:undname.obj
 0001:00011ef9       ??YDName@@QAEAAV0@PAV0@@Z  10012ef9 f   libvcruntime:undname.obj
 0001:00011f5e       ??YDName@@QAEAAV0@PBD@Z    10012f5e f   libvcruntime:undname.obj
 0001:00011fbf       ??YDName@@QAEAAV0@W4DNameStatus@@@Z 10012fbf f   libvcruntime:undname.obj
 0001:0001200a       ??YReplicator@@QAEAAV0@ABVDName@@@Z 1001300a f   libvcruntime:undname.obj
 0001:00012054       ??_5DName@@QAEAAV0@ABV0@@Z 10013054 f   libvcruntime:undname.obj
 0001:00012070       ?Constructor@_HeapManager@@QAEXP6APAXI@ZP6AXPAX@Z@Z 10013070 f i libvcruntime:undname.obj
 0001:0001208d       ?Destructor@_HeapManager@@QAEXXZ 1001308d f i libvcruntime:undname.obj
 0001:000120c4       ?UScore@UnDecorator@@SAPBDW4Tokens@@@Z 100130c4 f   libvcruntime:undname.obj
 0001:000120e1       ?append@DName@@AAEXPBVDNameNode@@@Z 100130e1 f   libvcruntime:undname.obj
 0001:00012127       ?composeDeclaration@UnDecorator@@CA?AVDName@@ABV2@@Z 10013127 f i libvcruntime:undname.obj
 0001:00012e84       ?doAccessSpecifiers@UnDecorator@@SAHXZ 10013e84 f i libvcruntime:undname.obj
 0001:00012e92       ?doAllocationLanguage@UnDecorator@@SAHXZ 10013e92 f i libvcruntime:undname.obj
 0001:00012ea0       ?doAllocationModel@UnDecorator@@SAHXZ 10013ea0 f i libvcruntime:undname.obj
 0001:00012eae       ?doEcsu@UnDecorator@@SAHXZ 10013eae f i libvcruntime:undname.obj
 0001:00012ebc       ?doEllipsis@UnDecorator@@SAHXZ 10013ebc f i libvcruntime:undname.obj
 0001:00012eca       ?doFunctionReturns@UnDecorator@@SAHXZ 10013eca f i libvcruntime:undname.obj
 0001:00012ed8       ?doMSKeywords@UnDecorator@@SAHXZ 10013ed8 f i libvcruntime:undname.obj
 0001:00012ee5       ?doMemberTypes@UnDecorator@@SAHXZ 10013ee5 f i libvcruntime:undname.obj
 0001:00012ef3       ?doNameOnly@UnDecorator@@SAHXZ 10013ef3 f i libvcruntime:undname.obj
 0001:00012efe       ?doNoIdentCharCheck@UnDecorator@@SAHXZ 10013efe f i libvcruntime:undname.obj
 0001:00012f09       ?doPchar@DName@@AAEXPBDH@Z 10013f09 f   libvcruntime:undname.obj
 0001:00012f8f       ?doPtr64@UnDecorator@@SAHXZ 10013f8f f i libvcruntime:undname.obj
 0001:00012f9d       ?doRestrictionSpec@UnDecorator@@SAHXZ 10013f9d f i libvcruntime:undname.obj
 0001:00012fab       ?doThisTypes@UnDecorator@@SAHXZ 10013fab f i libvcruntime:undname.obj
 0001:00012fbd       ?doThrowTypes@UnDecorator@@SAHXZ 10013fbd f i libvcruntime:undname.obj
 0001:00012fcb       ?doTypeOnly@UnDecorator@@SAHXZ 10013fcb f i libvcruntime:undname.obj
 0001:00012fd6       ?doUnderScore@UnDecorator@@SAHXZ 10013fd6 f i libvcruntime:undname.obj
 0001:00012fe1       ?getArgumentList@UnDecorator@@CA?AVDName@@XZ 10013fe1 f   libvcruntime:undname.obj
 0001:000130d9       ?getArgumentTypes@UnDecorator@@CA?AVDName@@XZ 100140d9 f   libvcruntime:undname.obj
 0001:000131b9       ?getArrayType@UnDecorator@@CA?AVDName@@ABV2@@Z 100141b9 f i libvcruntime:undname.obj
 0001:000133ae       ?getBasedType@UnDecorator@@CA?AVDName@@XZ 100143ae f   libvcruntime:undname.obj
 0001:00013452       ?getBasicDataType@UnDecorator@@CA?AVDName@@ABV2@@Z 10014452 f   libvcruntime:undname.obj
 0001:0001381d       ?getCallIndex@UnDecorator@@CA?AVDName@@XZ 1001481d f i libvcruntime:undname.obj
 0001:00013831       ?getCallingConvention@UnDecorator@@CA?AVDName@@XZ 10014831 f   libvcruntime:undname.obj
 0001:00013910       ?getDataIndirectType@UnDecorator@@CA?AVDName@@ABV2@PBD0H@Z 10014910 f   libvcruntime:undname.obj
 0001:00013f57       ?getDataIndirectType@UnDecorator@@CA?AVDName@@XZ 10014f57 f i libvcruntime:undname.obj
 0001:00013f8b       ?getDataType@UnDecorator@@CA?AVDName@@PAV2@@Z 10014f8b f   libvcruntime:undname.obj
 0001:00014059       ?getDecoratedName@UnDecorator@@CA?AVDName@@XZ 10015059 f   libvcruntime:undname.obj
 0001:000142a1       ?getDimension@UnDecorator@@CA?AVDName@@_N@Z 100152a1 f   libvcruntime:undname.obj
 0001:000143db       ?getDispatchTarget@UnDecorator@@CA?AVDName@@XZ 100153db f   libvcruntime:undname.obj
 0001:0001442e       ?getDisplacement@UnDecorator@@CA?AVDName@@XZ 1001542e f i libvcruntime:undname.obj
 0001:00014442       ?getECSUDataType@UnDecorator@@CA?AVDName@@XZ 10015442 f   libvcruntime:undname.obj
 0001:00014557       ?getECSUName@UnDecorator@@CA?AVDName@@XZ 10015557 f i libvcruntime:undname.obj
 0001:00014568       ?getEnumType@UnDecorator@@CA?AVDName@@XZ 10015568 f i libvcruntime:undname.obj
 0001:00014650       ?getExtendedDataIndirectType@UnDecorator@@CA?AVDName@@AAPBDAA_NH@Z 10015650 f   libvcruntime:undname.obj
 0001:00014807       ?getExternalDataType@UnDecorator@@CA?AVDName@@ABV2@@Z 10015807 f i libvcruntime:undname.obj
 0001:00014879       ?getFunctionIndirectType@UnDecorator@@CA?AVDName@@ABV2@@Z 10015879 f   libvcruntime:undname.obj
 0001:00014c91       ?getGuardNumber@UnDecorator@@CA?AVDName@@XZ 10015c91 f i libvcruntime:undname.obj
 0001:00014ca5       ?getLastChar@DName@@QBEDXZ 10015ca5 f i libvcruntime:undname.obj
 0001:00014cc4       ?getLastChar@DNameStatusNode@@UBEDXZ 10015cc4 f i libvcruntime:undname.obj
 0001:00014cd0       ?getLastChar@charNode@@UBEDXZ 10015cd0 f i libvcruntime:undname.obj
 0001:00014cd4       ?getLastChar@pDNameNode@@UBEDXZ 10015cd4 f i libvcruntime:undname.obj
 0001:00014cfa       ?getLastChar@pairNode@@UBEDXZ 10015cfa f i libvcruntime:undname.obj
 0001:00014d2d       ?getLastChar@pcharNode@@UBEDXZ 10015d2d f i libvcruntime:undname.obj
 0001:00014d3f       ?getLexicalFrame@UnDecorator@@CA?AVDName@@XZ 10015d3f f i libvcruntime:undname.obj
 0001:00014d7c       ?getMemory@_HeapManager@@QAEPAXIH@Z 10015d7c f   libvcruntime:undname.obj
 0001:00014e02       ?getNoexcept@UnDecorator@@CA?AVDName@@XZ 10015e02 f   libvcruntime:undname.obj
 0001:00014e47       ?getNumberOfDimensions@UnDecorator@@CAHXZ 10015e47 f   libvcruntime:undname.obj
 0001:00014ea8       ?getOperatorName@UnDecorator@@CA?AVDName@@_NPA_N@Z 10015ea8 f i libvcruntime:undname.obj
 0001:000154e8       ?getPointerType@UnDecorator@@CA?AVDName@@ABV2@0@Z 100164e8 f i libvcruntime:undname.obj
 0001:00015506       ?getPointerTypeArray@UnDecorator@@CA?AVDName@@ABV2@0@Z 10016506 f i libvcruntime:undname.obj
 0001:00015524       ?getPrimaryDataType@UnDecorator@@CA?AVDName@@ABV2@@Z 10016524 f   libvcruntime:undname.obj
 0001:0001571d       ?getPtrRefDataType@UnDecorator@@CA?AVDName@@ABV2@H@Z 1001671d f   libvcruntime:undname.obj
 0001:00015850       ?getPtrRefType@UnDecorator@@CA?AVDName@@ABV2@0PBD@Z 10016850 f   libvcruntime:undname.obj
 0001:0001594c       ?getReferenceType@UnDecorator@@CA?AVDName@@ABV2@0PBD@Z 1001694c f i libvcruntime:undname.obj
 0001:00015968       ?getRestrictionSpec@UnDecorator@@CA?AVDName@@XZ 10016968 f   libvcruntime:undname.obj
 0001:00015a73       ?getReturnType@UnDecorator@@CA?AVDName@@PAV2@@Z 10016a73 f   libvcruntime:undname.obj
 0001:00015aa2       ?getScope@UnDecorator@@CA?AVDName@@XZ 10016aa2 f   libvcruntime:undname.obj
 0001:00015e54       ?getScopedName@UnDecorator@@CA?AVDName@@XZ 10016e54 f   libvcruntime:undname.obj
 0001:00015f30       ?getSignedDimension@UnDecorator@@CA?AVDName@@XZ 10016f30 f   libvcruntime:undname.obj
 0001:00015f83       ?getStorageConvention@UnDecorator@@CA?AVDName@@XZ 10016f83 f i libvcruntime:undname.obj
 0001:00015f94       ?getString@DName@@QBEPADPAD0@Z 10016f94 f i libvcruntime:undname.obj
 0001:00015fc0       ?getString@DName@@QBEPADPADH@Z 10016fc0 f i libvcruntime:undname.obj
 0001:00016022       ?getString@DNameStatusNode@@UBEPADPAD0@Z 10017022 f i libvcruntime:undname.obj
 0001:00016049       ?getString@charNode@@UBEPADPAD0@Z 10017049 f i libvcruntime:undname.obj
 0001:0001605e       ?getString@pDNameNode@@UBEPADPAD0@Z 1001705e f i libvcruntime:undname.obj
 0001:00016075       ?getString@pairNode@@UBEPADPAD0@Z 10017075 f i libvcruntime:undname.obj
 0001:000160b9       ?getString@pcharNode@@UBEPADPAD0@Z 100170b9 f i libvcruntime:undname.obj
 0001:000160d4       ?getStringEncoding@UnDecorator@@CA?AVDName@@PBDH@Z 100170d4 f   libvcruntime:undname.obj
 0001:0001617a       ?getStringHelper@@YAPADPADPBD1H@Z 1001717a f i libvcruntime:undname.obj
 0001:000161b1       ?getSymbolName@UnDecorator@@CA?AVDName@@XZ 100171b1 f i libvcruntime:undname.obj
 0001:000161f9       ?getTemplateArgumentList@UnDecorator@@CA?AVDName@@XZ 100171f9 f   libvcruntime:undname.obj
 0001:000164af       ?getTemplateConstant@UnDecorator@@CA?AVDName@@XZ 100174af f   libvcruntime:undname.obj
 0001:000167ec       ?getTemplateName@UnDecorator@@CA?AVDName@@_N@Z 100177ec f   libvcruntime:undname.obj
 0001:00016962       ?getThisType@UnDecorator@@CA?AVDName@@XZ 10017962 f i libvcruntime:undname.obj
 0001:00016997       ?getThrowTypes@UnDecorator@@CA?AVDName@@XZ 10017997 f   libvcruntime:undname.obj
 0001:000169ba       ?getTypeEncoding@UnDecorator@@CAHXZ 100179ba f i libvcruntime:undname.obj
 0001:00016cc2       ?getVCallThunkType@UnDecorator@@CA?AVDName@@XZ 10017cc2 f i libvcruntime:undname.obj
 0001:00016cfd       ?getVbTableType@UnDecorator@@CA?AVDName@@ABV2@@Z 10017cfd f i libvcruntime:undname.obj
 0001:00016d12       ?getVdispMapType@UnDecorator@@CA?AVDName@@ABV2@@Z 10017d12 f i libvcruntime:undname.obj
 0001:00016d68       ?getVfTableType@UnDecorator@@CA?AVDName@@ABV2@@Z 10017d68 f i libvcruntime:undname.obj
 0001:00016ee6       ?getZName@UnDecorator@@CA?AVDName@@_N0@Z 10017ee6 f   libvcruntime:undname.obj
 0001:000170f2       ?haveTemplateParameters@UnDecorator@@SAHXZ 100180f2 f i libvcruntime:undname.obj
 0001:000170fd       ?isArray@DName@@QBEHXZ     100180fd f i libvcruntime:undname.obj
 0001:00017107       ?isComArray@DName@@QBEHXZ  10018107 f i libvcruntime:undname.obj
 0001:00017111       ?isEmpty@DName@@QBEHXZ     10018111 f i libvcruntime:undname.obj
 0001:00017119       ?isFull@Replicator@@QBEHXZ 10018119 f i libvcruntime:undname.obj
 0001:00017122       ?isNoTE@DName@@QBEHXZ      10018122 f i libvcruntime:undname.obj
 0001:0001712c       ?isPinPtr@DName@@QBEHXZ    1001812c f i libvcruntime:undname.obj
 0001:00017136       ?isPtrRef@DName@@QBEHXZ    10018136 f i libvcruntime:undname.obj
 0001:00017140       ?isUDC@DName@@QBEHXZ       10018140 f i libvcruntime:undname.obj
 0001:00017151       ?isUDTThunk@DName@@QBEHXZ  10018151 f i libvcruntime:undname.obj
 0001:00017162       ?isVCallThunk@DName@@QBEHXZ 10018162 f i libvcruntime:undname.obj
 0001:0001716c       ?isValid@DName@@QBEHXZ     1001816c f i libvcruntime:undname.obj
 0001:00017176       ?length@DName@@QBEHXZ      10018176 f i libvcruntime:undname.obj
 0001:00017194       ?length@DNameStatusNode@@UBEHXZ 10018194 f i libvcruntime:undname.obj
 0001:00017198       ?length@charNode@@UBEHXZ   10018198 f i libvcruntime:undname.obj
 0001:0001719c       ?length@pDNameNode@@UBEHXZ 1001819c f i libvcruntime:undname.obj
 0001:000171c1       ?length@pairNode@@UBEHXZ   100181c1 f i libvcruntime:undname.obj
 0001:00017207       ?length@pcharNode@@UBEHXZ  10018207 f i libvcruntime:undname.obj
 0001:0001720b       ?make@DNameStatusNode@@SAPBV1@W4DNameStatus@@@Z 1001820b f i libvcruntime:undname.obj
 0001:00017227       ?setIsArray@DName@@QAEXXZ  10018227 f i libvcruntime:undname.obj
 0001:0001722f       ?setIsComArray@DName@@QAEXXZ 1001822f f i libvcruntime:undname.obj
 0001:00017237       ?setIsNoTE@DName@@QAEXXZ   10018237 f i libvcruntime:undname.obj
 0001:0001723f       ?setIsPinPtr@DName@@QAEXXZ 1001823f f i libvcruntime:undname.obj
 0001:00017247       ?setIsUDC@DName@@QAEXXZ    10018247 f i libvcruntime:undname.obj
 0001:00017254       ?setIsVCallThunk@DName@@QAEXXZ 10018254 f i libvcruntime:undname.obj
 0001:0001725c       ?setPtrRef@DName@@QAEAAV1@XZ 1001825c f i libvcruntime:undname.obj
 0001:00017266       ?status@DName@@QBE?AW4DNameStatus@@XZ 10018266 f i libvcruntime:undname.obj
 0001:000172d2       ___unDName                 100182d2 f   libvcruntime:undname.obj
 0001:00017367       ___unDNameEx               10018367 f   libvcruntime:undname.obj
 0001:000173fc       __vsprintf_s_l             100183fc f i libvcruntime:undname.obj
 0001:00017429       _sprintf_s                 10018429 f i libvcruntime:undname.obj
 0001:00017445       ??$?RU__vcrt_ptd@@@__crt_internal_free_policy@@QBEXQBU__vcrt_ptd@@@Z 10018445 f i libvcruntime:per_thread_data.obj
 0001:00017455       ??0?$__crt_unique_heap_ptr@U__vcrt_ptd@@U__crt_internal_free_policy@@@@QAE@QAU__vcrt_ptd@@@Z 10018455 f i libvcruntime:per_thread_data.obj
 0001:00017472       ??1?$__crt_unique_heap_ptr@U__vcrt_ptd@@U__crt_internal_free_policy@@@@QAE@XZ 10018472 f i libvcruntime:per_thread_data.obj
 0001:0001748b       ??B?$__crt_unique_heap_ptr@U__vcrt_ptd@@U__crt_internal_free_policy@@@@QBE_NXZ 1001848b f i libvcruntime:per_thread_data.obj
 0001:00017492       ?detach@?$__crt_unique_heap_ptr@U__vcrt_ptd@@U__crt_internal_free_policy@@@@QAEPAU__vcrt_ptd@@XZ 10018492 f i libvcruntime:per_thread_data.obj
 0001:00017498       ?get@?$__crt_unique_heap_ptr@U__vcrt_ptd@@U__crt_internal_free_policy@@@@QBEPAU__vcrt_ptd@@XZ 10018498 f i libvcruntime:per_thread_data.obj
 0001:0001749b       ?is_valid@?$__crt_unique_heap_ptr@U__vcrt_ptd@@U__crt_internal_free_policy@@@@QBE_NXZ 1001849b f i libvcruntime:per_thread_data.obj
 0001:000174a2       ?release@?$__crt_unique_heap_ptr@U__vcrt_ptd@@U__crt_internal_free_policy@@@@QAEXXZ 100184a2 f i libvcruntime:per_thread_data.obj
 0001:000174cc       ___vcrt_freefls@4          100184cc f   libvcruntime:per_thread_data.obj
 0001:000174e8       ___vcrt_freeptd            100184e8 f   libvcruntime:per_thread_data.obj
 0001:0001752b       ___vcrt_getptd             1001852b f   libvcruntime:per_thread_data.obj
 0001:00017539       ___vcrt_getptd_noexit      10018539 f   libvcruntime:per_thread_data.obj
 0001:000175cb       ___vcrt_getptd_noinit      100185cb f   libvcruntime:per_thread_data.obj
 0001:00017602       ___vcrt_initialize_ptd     10018602 f   libvcruntime:per_thread_data.obj
 0001:00017648       ___vcrt_uninitialize_ptd   10018648 f   libvcruntime:per_thread_data.obj
 0001:00017663       ___vcrt_initialize_locks   10018663 f   libvcruntime:locks.obj
 0001:0001769f       ___vcrt_lock               1001869f f   libvcruntime:locks.obj
 0001:000176b4       ___vcrt_uninitialize_locks 100186b4 f   libvcruntime:locks.obj
 0001:000176e3       ___vcrt_unlock             100186e3 f   libvcruntime:locks.obj
 0001:000176f8       ??$?BX@__crt_fast_encoded_nullptr_t@@QBEPAXXZ 100186f8 f i libvcruntime:winapi_downlevel.obj
 0001:00017710       ??$__crt_fast_decode_pointer@PAX@@YAPAXQAX@Z 10018710 f i libvcruntime:winapi_downlevel.obj
 0001:00017724       ??$__crt_fast_encode_pointer@PAX@@YAPAXQAX@Z 10018724 f i libvcruntime:winapi_downlevel.obj
 0001:00017741       ??$__crt_interlocked_exchange_pointer@UHINSTANCE__@@PAU1@@@YAPAUHINSTANCE__@@PDSAU0@QAU0@@Z 10018741 f i libvcruntime:winapi_downlevel.obj
 0001:0001774e       ??$__crt_interlocked_exchange_pointer@UHINSTANCE__@@PAX@@YAPAUHINSTANCE__@@PDSAU0@QAX@Z 1001874e f i libvcruntime:winapi_downlevel.obj
 0001:0001775b       ??$__crt_interlocked_exchange_pointer@XPAX@@YAPAXPDSAXQAX@Z 1001875b f i libvcruntime:winapi_downlevel.obj
 0001:00017768       ??$__crt_interlocked_read_pointer@UHINSTANCE__@@@@YAPAUHINSTANCE__@@PDSAU0@@Z 10018768 f i libvcruntime:winapi_downlevel.obj
 0001:00017772       ??$__crt_interlocked_read_pointer@X@@YAPAXPDSAX@Z 10018772 f i libvcruntime:winapi_downlevel.obj
 0001:0001777c       ?__crt_fast_encode_pointer@@YA?AU__crt_fast_encoded_nullptr_t@@$$T@Z 1001877c f i libvcruntime:winapi_downlevel.obj
 0001:00017a2c       ___vcrt_FlsAlloc           10018a2c f   libvcruntime:winapi_downlevel.obj
 0001:00017a66       ___vcrt_FlsFree            10018a66 f   libvcruntime:winapi_downlevel.obj
 0001:00017aa0       ___vcrt_FlsGetValue        10018aa0 f   libvcruntime:winapi_downlevel.obj
 0001:00017ada       ___vcrt_FlsSetValue        10018ada f   libvcruntime:winapi_downlevel.obj
 0001:00017b17       ___vcrt_InitializeCriticalSectionEx 10018b17 f   libvcruntime:winapi_downlevel.obj
 0001:00017b5d       ___vcrt_initialize_winapi_thunks 10018b5d f   libvcruntime:winapi_downlevel.obj
 0001:00017b97       ___vcrt_uninitialize_winapi_thunks 10018b97 f   libvcruntime:winapi_downlevel.obj
 0001:00017bc9       ??$?B$$A6AXXZ@__crt_fast_encoded_nullptr_t@@QBEP6AXXZXZ 10018bc9 f i libvcruntime:purevirt_data.obj
 0001:00017be1       ??$__crt_fast_encode_pointer@P6AXXZ@@YAP6AXXZQ6AXXZ@Z 10018be1 f i libvcruntime:purevirt_data.obj
 0001:00017bfe       ___vcrt_initialize_pure_virtual_call_handler 10018bfe f   libvcruntime:purevirt_data.obj
 0001:00017c20       __global_unwind2           10018c20 f   libvcruntime:_exsup_.obj
 0001:00017c86       __local_unwind2            10018c86 f   libvcruntime:_exsup_.obj
 0001:00017d0a       __abnormal_termination     10018d0a f   libvcruntime:_exsup_.obj
 0001:00017d30       __NLG_Notify1              10018d30 f   libvcruntime:_exsup_.obj
 0001:00017d3c       __NLG_Notify               10018d3c f   libvcruntime:_exsup_.obj
 0001:00017d53       __NLG_Dispatch2            10018d53     libvcruntime:_exsup_.obj
 0001:00017d53       __NLG_Dispatch             10018d53     libvcruntime:_exsup_.obj
 0001:00017d5b       __NLG_Call                 10018d5b f   libvcruntime:_exsup_.obj
 0001:00017d5d       __NLG_Return2              10018d5d     libvcruntime:_exsup_.obj
 0001:00017d5e       ??$__crt_fast_decode_pointer@P6AXXZ@@YAP6AXXZQ6AXXZ@Z 10018d5e f i libvcruntime:purevirt.obj
 0001:00017d72       ??$__crt_interlocked_exchange_pointer@$$A6AXXZP6AXXZ@@YAP6AXXZPDS6AXXZQ6AXXZ@Z 10018d72 f i libvcruntime:purevirt.obj
 0001:00017d7f       ??$__crt_interlocked_read_pointer@$$A6AXXZ@@YAP6AXXZPDS6AXXZ@Z 10018d7f f i libvcruntime:purevirt.obj
 0001:00017d89       __get_purecall_handler     10018d89 f   libvcruntime:purevirt.obj
 0001:00017d9e       __purecall                 10018d9e f   libvcruntime:purevirt.obj
 0001:00017dc6       __set_purecall_handler     10018dc6 f   libvcruntime:purevirt.obj
 0001:0001817c       __lseek                    1001917c f   libucrt:lseek.obj
 0001:00018187       __lseek_nolock             10019187 f   libucrt:lseek.obj
 0001:00018192       __lseeki64                 10019192 f   libucrt:lseek.obj
 0001:000181ad       __lseeki64_nolock          100191ad f   libucrt:lseek.obj
 0001:000181c8       ??$?R_W@__crt_internal_free_policy@@QBEXQB_W@Z 100191c8 f i libucrt:open.obj
 0001:000181da       ??$__vcrt_va_start_verify_argument_type@$$CBH@@YAXXZ 100191da f i libucrt:open.obj
 0001:0001849d       ??$tsopen_nolock@PAHABQAHABQBDABHABHABHABH@?$__crt_char_traits@D@@SAH$$QAPAHABQAHABQBDABH333@Z 1001949d f i libucrt:open.obj
 0001:000184cf       ??$tsopen_nolock@PAHABQAHABQB_WABHABHABHABH@?$__crt_char_traits@_W@@SAH$$QAPAHABQAHABQB_WABH333@Z 100194cf f i libucrt:open.obj
 0001:00018501       ??$tsopen_nolock@PAHPAHABQBDABHHABHH@?$__crt_char_traits@D@@SAH$$QAPAH0ABQBDABH$$QAH23@Z 10019501 f i libucrt:open.obj
 0001:00018533       ??$tsopen_nolock@PAHPAHABQB_WABHHABHH@?$__crt_char_traits@_W@@SAH$$QAPAH0ABQB_WABH$$QAH23@Z 10019533 f i libucrt:open.obj
 0001:00018565       ??0?$__crt_unique_heap_ptr@_WU__crt_internal_free_policy@@@@QAE@QA_W@Z 10019565 f i libucrt:open.obj
 0001:00018575       ??1?$__crt_unique_heap_ptr@_WU__crt_internal_free_policy@@@@QAE@XZ 10019575 f i libucrt:open.obj
 0001:00018ae1       ?release@?$__crt_unique_heap_ptr@_WU__crt_internal_free_policy@@@@QAEXXZ 10019ae1 f i libucrt:open.obj
 0001:00018ba3       __invoke_watson_if_error   10019ba3 f i libucrt:open.obj
 0001:00018bc5       __open                     10019bc5 f   libucrt:open.obj
 0001:00018bdd       __sopen                    10019bdd f   libucrt:open.obj
 0001:00018c12       __sopen_dispatch           10019c12 f   libucrt:open.obj
 0001:00018c1d       __sopen_nolock             10019c1d f   libucrt:open.obj
 0001:00018c6e       __sopen_s                  10019c6e f   libucrt:open.obj
 0001:00018c8e       __wopen                    10019c8e f   libucrt:open.obj
 0001:00018ca6       __wsopen                   10019ca6 f   libucrt:open.obj
 0001:00018cdb       __wsopen_dispatch          10019cdb f   libucrt:open.obj
 0001:00018ce6       __wsopen_nolock            10019ce6 f   libucrt:open.obj
 0001:0001900f       __wsopen_s                 1001a00f f   libucrt:open.obj
 0001:0001902f       ??0_LocaleUpdate@@QAE@QAU__crt_locale_pointers@@@Z 1001a02f f i libucrt:wcstombs.obj
 0001:000190b2       ??1_LocaleUpdate@@QAE@XZ   1001a0b2 f i libucrt:wcstombs.obj
 0001:000190c2       ?GetLocaleT@_LocaleUpdate@@QAEPAU__crt_locale_pointers@@XZ 1001a0c2 f i libucrt:wcstombs.obj
 0001:00019386       ___acrt_locale_changed     1001a386 f i libucrt:wcstombs.obj
 0001:00019391       __wcstombs_l               1001a391 f   libucrt:wcstombs.obj
 0001:0001939c       __wcstombs_s_l             1001a39c f   libucrt:wcstombs.obj
 0001:00019469       _wcstombs                  1001a469 f   libucrt:wcstombs.obj
 0001:00019483       _wcstombs_s                1001a483 f   libucrt:wcstombs.obj
 0001:000194a3       ??$?0ABV?$stream_output_adapter@D@__crt_stdio_output@@AB_KABQBDABQAU__crt_locale_pointers@@ABQAD@?$format_validation_base@DV?$stream_output_adapter@D@__crt_stdio_output@@@__crt_stdio_output@@IAE@ABV?$stream_output_adapter@D@1@AB_KABQBDABQAU__crt_locale_pointers@@ABQAD@Z 1001a4a3 f i libucrt:output.obj
 0001:000194c6       ??$?0ABV?$stream_output_adapter@D@__crt_stdio_output@@AB_KABQBDABQAU__crt_locale_pointers@@ABQAD@?$positional_parameter_base@DV?$stream_output_adapter@D@__crt_stdio_output@@@__crt_stdio_output@@IAE@ABV?$stream_output_adapter@D@1@AB_KABQBDABQAU__crt_locale_pointers@@ABQAD@Z 1001a4c6 f i libucrt:output.obj
 0001:0001950e       ??$?0ABV?$stream_output_adapter@D@__crt_stdio_output@@AB_KABQBDABQAU__crt_locale_pointers@@ABQAD@?$standard_base@DV?$stream_output_adapter@D@__crt_stdio_output@@@__crt_stdio_output@@IAE@ABV?$stream_output_adapter@D@1@AB_KABQBDABQAU__crt_locale_pointers@@ABQAD@Z 1001a50e f i libucrt:output.obj
 0001:00019543       ??$?0ABV?$stream_output_adapter@_W@__crt_stdio_output@@AB_KABQB_WABQAU__crt_locale_pointers@@ABQAD@?$format_validation_base@_WV?$stream_output_adapter@_W@__crt_stdio_output@@@__crt_stdio_output@@IAE@ABV?$stream_output_adapter@_W@1@AB_KABQB_WABQAU__crt_locale_pointers@@ABQAD@Z 1001a543 f i libucrt:output.obj
 0001:00019566       ??$?0ABV?$stream_output_adapter@_W@__crt_stdio_output@@AB_KABQB_WABQAU__crt_locale_pointers@@ABQAD@?$positional_parameter_base@_WV?$stream_output_adapter@_W@__crt_stdio_output@@@__crt_stdio_output@@IAE@ABV?$stream_output_adapter@_W@1@AB_KABQB_WABQAU__crt_locale_pointers@@ABQAD@Z 1001a566 f i libucrt:output.obj
 0001:000195ae       ??$?0ABV?$stream_output_adapter@_W@__crt_stdio_output@@AB_KABQB_WABQAU__crt_locale_pointers@@ABQAD@?$standard_base@_WV?$stream_output_adapter@_W@__crt_stdio_output@@@__crt_stdio_output@@IAE@ABV?$stream_output_adapter@_W@1@AB_KABQB_WABQAU__crt_locale_pointers@@ABQAD@Z 1001a5ae f i libucrt:output.obj
 0001:000195e3       ??$?0ABV?$string_output_adapter@D@__crt_stdio_output@@AB_KABQBDABQAU__crt_locale_pointers@@ABQAD@?$format_validation_base@DV?$string_output_adapter@D@__crt_stdio_output@@@__crt_stdio_output@@IAE@ABV?$string_output_adapter@D@1@AB_KABQBDABQAU__crt_locale_pointers@@ABQAD@Z 1001a5e3 f i libucrt:output.obj
 0001:00019606       ??$?0ABV?$string_output_adapter@D@__crt_stdio_output@@AB_KABQBDABQAU__crt_locale_pointers@@ABQAD@?$positional_parameter_base@DV?$string_output_adapter@D@__crt_stdio_output@@@__crt_stdio_output@@IAE@ABV?$string_output_adapter@D@1@AB_KABQBDABQAU__crt_locale_pointers@@ABQAD@Z 1001a606 f i libucrt:output.obj
 0001:0001964e       ??$?0ABV?$string_output_adapter@D@__crt_stdio_output@@AB_KABQBDABQAU__crt_locale_pointers@@ABQAD@?$standard_base@DV?$string_output_adapter@D@__crt_stdio_output@@@__crt_stdio_output@@IAE@ABV?$string_output_adapter@D@1@AB_KABQBDABQAU__crt_locale_pointers@@ABQAD@Z 1001a64e f i libucrt:output.obj
 0001:00019683       ??$?0ABV?$string_output_adapter@_W@__crt_stdio_output@@AB_KABQB_WABQAU__crt_locale_pointers@@ABQAD@?$format_validation_base@_WV?$string_output_adapter@_W@__crt_stdio_output@@@__crt_stdio_output@@IAE@ABV?$string_output_adapter@_W@1@AB_KABQB_WABQAU__crt_locale_pointers@@ABQAD@Z 1001a683 f i libucrt:output.obj
 0001:000196a6       ??$?0ABV?$string_output_adapter@_W@__crt_stdio_output@@AB_KABQB_WABQAU__crt_locale_pointers@@ABQAD@?$positional_parameter_base@_WV?$string_output_adapter@_W@__crt_stdio_output@@@__crt_stdio_output@@IAE@ABV?$string_output_adapter@_W@1@AB_KABQB_WABQAU__crt_locale_pointers@@ABQAD@Z 1001a6a6 f i libucrt:output.obj
 0001:000196ee       ??$?0ABV?$string_output_adapter@_W@__crt_stdio_output@@AB_KABQB_WABQAU__crt_locale_pointers@@ABQAD@?$standard_base@_WV?$string_output_adapter@_W@__crt_stdio_output@@@__crt_stdio_output@@IAE@ABV?$string_output_adapter@_W@1@AB_KABQB_WABQAU__crt_locale_pointers@@ABQAD@Z 1001a6ee f i libucrt:output.obj
 0001:000199f9       ??$__crt_interlocked_read@J@@YAJPDJ@Z 1001a9f9 f i libucrt:output.obj
 0001:0001a8e6       ??$count@D@formatting_buffer@__crt_stdio_output@@QBEIXZ 1001b8e6 f i libucrt:output.obj
 0001:0001a8fe       ??$count@_W@formatting_buffer@__crt_stdio_output@@QBEIXZ 1001b8fe f i libucrt:output.obj
 0001:0001a917       ??$data@D@formatting_buffer@__crt_stdio_output@@QAEPADXZ 1001b917 f i libucrt:output.obj
 0001:0001a924       ??$data@_W@formatting_buffer@__crt_stdio_output@@QAEPA_WXZ 1001b924 f i libucrt:output.obj
 0001:0001a931       ??$ensure_buffer_is_big_enough@D@formatting_buffer@__crt_stdio_output@@QAE_NI@Z 1001b931 f i libucrt:output.obj
 0001:0001a9b0       ??$ensure_buffer_is_big_enough@_W@formatting_buffer@__crt_stdio_output@@QAE_NI@Z 1001b9b0 f i libucrt:output.obj
 0001:0001aa30       ??$extract_argument_from_va_list@C_J@?$positional_parameter_base@DV?$stream_output_adapter@D@__crt_stdio_output@@@__crt_stdio_output@@IAE_NAA_J@Z 1001ba30 f i libucrt:output.obj
 0001:0001aaab       ??$extract_argument_from_va_list@C_J@?$positional_parameter_base@DV?$string_output_adapter@D@__crt_stdio_output@@@__crt_stdio_output@@IAE_NAA_J@Z 1001baab f i libucrt:output.obj
 0001:0001ab26       ??$extract_argument_from_va_list@C_J@?$positional_parameter_base@_WV?$stream_output_adapter@_W@__crt_stdio_output@@@__crt_stdio_output@@IAE_NAA_J@Z 1001bb26 f i libucrt:output.obj
 0001:0001aba1       ??$extract_argument_from_va_list@C_J@?$positional_parameter_base@_WV?$string_output_adapter@_W@__crt_stdio_output@@@__crt_stdio_output@@IAE_NAA_J@Z 1001bba1 f i libucrt:output.obj
 0001:0001ac1c       ??$extract_argument_from_va_list@C_J@?$standard_base@DV?$stream_output_adapter@D@__crt_stdio_output@@@__crt_stdio_output@@IAE_NAA_J@Z 1001bc1c f i libucrt:output.obj
 0001:0001ac3b       ??$extract_argument_from_va_list@C_J@?$standard_base@DV?$string_output_adapter@D@__crt_stdio_output@@@__crt_stdio_output@@IAE_NAA_J@Z 1001bc3b f i libucrt:output.obj
 0001:0001ac5a       ??$extract_argument_from_va_list@C_J@?$standard_base@_WV?$stream_output_adapter@_W@__crt_stdio_output@@@__crt_stdio_output@@IAE_NAA_J@Z 1001bc5a f i libucrt:output.obj
 0001:0001ac79       ??$extract_argument_from_va_list@C_J@?$standard_base@_WV?$string_output_adapter@_W@__crt_stdio_output@@@__crt_stdio_output@@IAE_NAA_J@Z 1001bc79 f i libucrt:output.obj
 0001:0001ac98       ??$extract_argument_from_va_list@E_J@?$positional_parameter_base@DV?$stream_output_adapter@D@__crt_stdio_output@@@__crt_stdio_output@@IAE_NAA_J@Z 1001bc98 f i libucrt:output.obj
 0001:0001ad13       ??$extract_argument_from_va_list@E_J@?$positional_parameter_base@DV?$string_output_adapter@D@__crt_stdio_output@@@__crt_stdio_output@@IAE_NAA_J@Z 1001bd13 f i libucrt:output.obj
 0001:0001ad8e       ??$extract_argument_from_va_list@E_J@?$positional_parameter_base@_WV?$stream_output_adapter@_W@__crt_stdio_output@@@__crt_stdio_output@@IAE_NAA_J@Z 1001bd8e f i libucrt:output.obj
 0001:0001ae09       ??$extract_argument_from_va_list@E_J@?$positional_parameter_base@_WV?$string_output_adapter@_W@__crt_stdio_output@@@__crt_stdio_output@@IAE_NAA_J@Z 1001be09 f i libucrt:output.obj
 0001:0001ae84       ??$extract_argument_from_va_list@E_J@?$standard_base@DV?$stream_output_adapter@D@__crt_stdio_output@@@__crt_stdio_output@@IAE_NAA_J@Z 1001be84 f i libucrt:output.obj
 0001:0001aea3       ??$extract_argument_from_va_list@E_J@?$standard_base@DV?$string_output_adapter@D@__crt_stdio_output@@@__crt_stdio_output@@IAE_NAA_J@Z 1001bea3 f i libucrt:output.obj
 0001:0001aec2       ??$extract_argument_from_va_list@E_J@?$standard_base@_WV?$stream_output_adapter@_W@__crt_stdio_output@@@__crt_stdio_output@@IAE_NAA_J@Z 1001bec2 f i libucrt:output.obj
 0001:0001aee1       ??$extract_argument_from_va_list@E_J@?$standard_base@_WV?$string_output_adapter@_W@__crt_stdio_output@@@__crt_stdio_output@@IAE_NAA_J@Z 1001bee1 f i libucrt:output.obj
 0001:0001af00       ??$extract_argument_from_va_list@F_J@?$positional_parameter_base@DV?$stream_output_adapter@D@__crt_stdio_output@@@__crt_stdio_output@@IAE_NAA_J@Z 1001bf00 f i libucrt:output.obj
 0001:0001af7b       ??$extract_argument_from_va_list@F_J@?$positional_parameter_base@DV?$string_output_adapter@D@__crt_stdio_output@@@__crt_stdio_output@@IAE_NAA_J@Z 1001bf7b f i libucrt:output.obj
 0001:0001aff6       ??$extract_argument_from_va_list@F_J@?$positional_parameter_base@_WV?$stream_output_adapter@_W@__crt_stdio_output@@@__crt_stdio_output@@IAE_NAA_J@Z 1001bff6 f i libucrt:output.obj
 0001:0001b071       ??$extract_argument_from_va_list@F_J@?$positional_parameter_base@_WV?$string_output_adapter@_W@__crt_stdio_output@@@__crt_stdio_output@@IAE_NAA_J@Z 1001c071 f i libucrt:output.obj
 0001:0001b0ec       ??$extract_argument_from_va_list@F_J@?$standard_base@DV?$stream_output_adapter@D@__crt_stdio_output@@@__crt_stdio_output@@IAE_NAA_J@Z 1001c0ec f i libucrt:output.obj
 0001:0001b10b       ??$extract_argument_from_va_list@F_J@?$standard_base@DV?$string_output_adapter@D@__crt_stdio_output@@@__crt_stdio_output@@IAE_NAA_J@Z 1001c10b f i libucrt:output.obj
 0001:0001b12a       ??$extract_argument_from_va_list@F_J@?$standard_base@_WV?$stream_output_adapter@_W@__crt_stdio_output@@@__crt_stdio_output@@IAE_NAA_J@Z 1001c12a f i libucrt:output.obj
 0001:0001b149       ??$extract_argument_from_va_list@F_J@?$standard_base@_WV?$string_output_adapter@_W@__crt_stdio_output@@@__crt_stdio_output@@IAE_NAA_J@Z 1001c149 f i libucrt:output.obj
 0001:0001b168       ??$extract_argument_from_va_list@GD@?$positional_parameter_base@DV?$stream_output_adapter@D@__crt_stdio_output@@@__crt_stdio_output@@IAE_NAAD@Z 1001c168 f i libucrt:output.obj
 0001:0001b1e2       ??$extract_argument_from_va_list@GD@?$positional_parameter_base@DV?$string_output_adapter@D@__crt_stdio_output@@@__crt_stdio_output@@IAE_NAAD@Z 1001c1e2 f i libucrt:output.obj
 0001:0001b25c       ??$extract_argument_from_va_list@GD@?$standard_base@DV?$stream_output_adapter@D@__crt_stdio_output@@@__crt_stdio_output@@IAE_NAAD@Z 1001c25c f i libucrt:output.obj
 0001:0001b276       ??$extract_argument_from_va_list@GD@?$standard_base@DV?$string_output_adapter@D@__crt_stdio_output@@@__crt_stdio_output@@IAE_NAAD@Z 1001c276 f i libucrt:output.obj
 0001:0001b290       ??$extract_argument_from_va_list@G_J@?$positional_parameter_base@DV?$stream_output_adapter@D@__crt_stdio_output@@@__crt_stdio_output@@IAE_NAA_J@Z 1001c290 f i libucrt:output.obj
 0001:0001b30b       ??$extract_argument_from_va_list@G_J@?$positional_parameter_base@DV?$string_output_adapter@D@__crt_stdio_output@@@__crt_stdio_output@@IAE_NAA_J@Z 1001c30b f i libucrt:output.obj
 0001:0001b386       ??$extract_argument_from_va_list@G_J@?$positional_parameter_base@_WV?$stream_output_adapter@_W@__crt_stdio_output@@@__crt_stdio_output@@IAE_NAA_J@Z 1001c386 f i libucrt:output.obj
 0001:0001b401       ??$extract_argument_from_va_list@G_J@?$positional_parameter_base@_WV?$string_output_adapter@_W@__crt_stdio_output@@@__crt_stdio_output@@IAE_NAA_J@Z 1001c401 f i libucrt:output.obj
 0001:0001b47c       ??$extract_argument_from_va_list@G_J@?$standard_base@DV?$stream_output_adapter@D@__crt_stdio_output@@@__crt_stdio_output@@IAE_NAA_J@Z 1001c47c f i libucrt:output.obj
 0001:0001b49b       ??$extract_argument_from_va_list@G_J@?$standard_base@DV?$string_output_adapter@D@__crt_stdio_output@@@__crt_stdio_output@@IAE_NAA_J@Z 1001c49b f i libucrt:output.obj
 0001:0001b4ba       ??$extract_argument_from_va_list@G_J@?$standard_base@_WV?$stream_output_adapter@_W@__crt_stdio_output@@@__crt_stdio_output@@IAE_NAA_J@Z 1001c4ba f i libucrt:output.obj
 0001:0001b4d9       ??$extract_argument_from_va_list@G_J@?$standard_base@_WV?$string_output_adapter@_W@__crt_stdio_output@@@__crt_stdio_output@@IAE_NAA_J@Z 1001c4d9 f i libucrt:output.obj
 0001:0001b4f8       ??$extract_argument_from_va_list@H_J@?$positional_parameter_base@DV?$stream_output_adapter@D@__crt_stdio_output@@@__crt_stdio_output@@IAE_NAA_J@Z 1001c4f8 f i libucrt:output.obj
 0001:0001b571       ??$extract_argument_from_va_list@H_J@?$positional_parameter_base@DV?$string_output_adapter@D@__crt_stdio_output@@@__crt_stdio_output@@IAE_NAA_J@Z 1001c571 f i libucrt:output.obj
 0001:0001b5ea       ??$extract_argument_from_va_list@H_J@?$positional_parameter_base@_WV?$stream_output_adapter@_W@__crt_stdio_output@@@__crt_stdio_output@@IAE_NAA_J@Z 1001c5ea f i libucrt:output.obj
 0001:0001b663       ??$extract_argument_from_va_list@H_J@?$positional_parameter_base@_WV?$string_output_adapter@_W@__crt_stdio_output@@@__crt_stdio_output@@IAE_NAA_J@Z 1001c663 f i libucrt:output.obj
 0001:0001b6dc       ??$extract_argument_from_va_list@H_J@?$standard_base@DV?$stream_output_adapter@D@__crt_stdio_output@@@__crt_stdio_output@@IAE_NAA_J@Z 1001c6dc f i libucrt:output.obj
 0001:0001b6fa       ??$extract_argument_from_va_list@H_J@?$standard_base@DV?$string_output_adapter@D@__crt_stdio_output@@@__crt_stdio_output@@IAE_NAA_J@Z 1001c6fa f i libucrt:output.obj
 0001:0001b718       ??$extract_argument_from_va_list@H_J@?$standard_base@_WV?$stream_output_adapter@_W@__crt_stdio_output@@@__crt_stdio_output@@IAE_NAA_J@Z 1001c718 f i libucrt:output.obj
 0001:0001b736       ??$extract_argument_from_va_list@H_J@?$standard_base@_WV?$string_output_adapter@_W@__crt_stdio_output@@@__crt_stdio_output@@IAE_NAA_J@Z 1001c736 f i libucrt:output.obj
 0001:0001b754       ??$extract_argument_from_va_list@I_J@?$positional_parameter_base@DV?$stream_output_adapter@D@__crt_stdio_output@@@__crt_stdio_output@@IAE_NAA_J@Z 1001c754 f i libucrt:output.obj
 0001:0001b7d6       ??$extract_argument_from_va_list@I_J@?$positional_parameter_base@DV?$string_output_adapter@D@__crt_stdio_output@@@__crt_stdio_output@@IAE_NAA_J@Z 1001c7d6 f i libucrt:output.obj
 0001:0001b858       ??$extract_argument_from_va_list@I_J@?$positional_parameter_base@_WV?$stream_output_adapter@_W@__crt_stdio_output@@@__crt_stdio_output@@IAE_NAA_J@Z 1001c858 f i libucrt:output.obj
 0001:0001b8da       ??$extract_argument_from_va_list@I_J@?$positional_parameter_base@_WV?$string_output_adapter@_W@__crt_stdio_output@@@__crt_stdio_output@@IAE_NAA_J@Z 1001c8da f i libucrt:output.obj
 0001:0001b95c       ??$extract_argument_from_va_list@I_J@?$standard_base@DV?$stream_output_adapter@D@__crt_stdio_output@@@__crt_stdio_output@@IAE_NAA_J@Z 1001c95c f i libucrt:output.obj
 0001:0001b97a       ??$extract_argument_from_va_list@I_J@?$standard_base@DV?$string_output_adapter@D@__crt_stdio_output@@@__crt_stdio_output@@IAE_NAA_J@Z 1001c97a f i libucrt:output.obj
 0001:0001b998       ??$extract_argument_from_va_list@I_J@?$standard_base@_WV?$stream_output_adapter@_W@__crt_stdio_output@@@__crt_stdio_output@@IAE_NAA_J@Z 1001c998 f i libucrt:output.obj
 0001:0001b9b6       ??$extract_argument_from_va_list@I_J@?$standard_base@_WV?$string_output_adapter@_W@__crt_stdio_output@@@__crt_stdio_output@@IAE_NAA_J@Z 1001c9b6 f i libucrt:output.obj
 0001:0001b9d4       ??$extract_argument_from_va_list@PADPAD@?$positional_parameter_base@DV?$stream_output_adapter@D@__crt_stdio_output@@@__crt_stdio_output@@IAE_NAAPAD@Z 1001c9d4 f i libucrt:output.obj
 0001:0001ba4e       ??$extract_argument_from_va_list@PADPAD@?$positional_parameter_base@DV?$string_output_adapter@D@__crt_stdio_output@@@__crt_stdio_output@@IAE_NAAPAD@Z 1001ca4e f i libucrt:output.obj
 0001:0001bac8       ??$extract_argument_from_va_list@PADPAD@?$positional_parameter_base@_WV?$stream_output_adapter@_W@__crt_stdio_output@@@__crt_stdio_output@@IAE_NAAPAD@Z 1001cac8 f i libucrt:output.obj
 0001:0001bb42       ??$extract_argument_from_va_list@PADPAD@?$positional_parameter_base@_WV?$string_output_adapter@_W@__crt_stdio_output@@@__crt_stdio_output@@IAE_NAAPAD@Z 1001cb42 f i libucrt:output.obj
 0001:0001bbbc       ??$extract_argument_from_va_list@PADPAD@?$standard_base@DV?$stream_output_adapter@D@__crt_stdio_output@@@__crt_stdio_output@@IAE_NAAPAD@Z 1001cbbc f i libucrt:output.obj
 0001:0001bbd6       ??$extract_argument_from_va_list@PADPAD@?$standard_base@DV?$string_output_adapter@D@__crt_stdio_output@@@__crt_stdio_output@@IAE_NAAPAD@Z 1001cbd6 f i libucrt:output.obj
 0001:0001bbf0       ??$extract_argument_from_va_list@PADPAD@?$standard_base@_WV?$stream_output_adapter@_W@__crt_stdio_output@@@__crt_stdio_output@@IAE_NAAPAD@Z 1001cbf0 f i libucrt:output.obj
 0001:0001bc0a       ??$extract_argument_from_va_list@PADPAD@?$standard_base@_WV?$string_output_adapter@_W@__crt_stdio_output@@@__crt_stdio_output@@IAE_NAAPAD@Z 1001cc0a f i libucrt:output.obj
 0001:0001bf44       ??$extract_argument_from_va_list@PAXPAX@?$positional_parameter_base@DV?$stream_output_adapter@D@__crt_stdio_output@@@__crt_stdio_output@@IAE_NAAPAX@Z 1001cf44 f i libucrt:output.obj
 0001:0001bfbe       ??$extract_argument_from_va_list@PAXPAX@?$positional_parameter_base@DV?$string_output_adapter@D@__crt_stdio_output@@@__crt_stdio_output@@IAE_NAAPAX@Z 1001cfbe f i libucrt:output.obj
 0001:0001c038       ??$extract_argument_from_va_list@PAXPAX@?$positional_parameter_base@_WV?$stream_output_adapter@_W@__crt_stdio_output@@@__crt_stdio_output@@IAE_NAAPAX@Z 1001d038 f i libucrt:output.obj
 0001:0001c0b2       ??$extract_argument_from_va_list@PAXPAX@?$positional_parameter_base@_WV?$string_output_adapter@_W@__crt_stdio_output@@@__crt_stdio_output@@IAE_NAAPAX@Z 1001d0b2 f i libucrt:output.obj
 0001:0001c12c       ??$extract_argument_from_va_list@PAXPAX@?$standard_base@DV?$stream_output_adapter@D@__crt_stdio_output@@@__crt_stdio_output@@IAE_NAAPAX@Z 1001d12c f i libucrt:output.obj
 0001:0001c146       ??$extract_argument_from_va_list@PAXPAX@?$standard_base@DV?$string_output_adapter@D@__crt_stdio_output@@@__crt_stdio_output@@IAE_NAAPAX@Z 1001d146 f i libucrt:output.obj
 0001:0001c160       ??$extract_argument_from_va_list@PAXPAX@?$standard_base@_WV?$stream_output_adapter@_W@__crt_stdio_output@@@__crt_stdio_output@@IAE_NAAPAX@Z 1001d160 f i libucrt:output.obj
 0001:0001c17a       ??$extract_argument_from_va_list@PAXPAX@?$standard_base@_WV?$string_output_adapter@_W@__crt_stdio_output@@@__crt_stdio_output@@IAE_NAAPAX@Z 1001d17a f i libucrt:output.obj
 0001:0001c194       ??$extract_argument_from_va_list@U_CRT_DOUBLE@@U1@@?$positional_parameter_base@DV?$stream_output_adapter@D@__crt_stdio_output@@@__crt_stdio_output@@IAE_NAAU_CRT_DOUBLE@@@Z 1001d194 f i libucrt:output.obj
 0001:0001c21c       ??$extract_argument_from_va_list@U_CRT_DOUBLE@@U1@@?$positional_parameter_base@DV?$string_output_adapter@D@__crt_stdio_output@@@__crt_stdio_output@@IAE_NAAU_CRT_DOUBLE@@@Z 1001d21c f i libucrt:output.obj
 0001:0001c2a4       ??$extract_argument_from_va_list@U_CRT_DOUBLE@@U1@@?$positional_parameter_base@_WV?$stream_output_adapter@_W@__crt_stdio_output@@@__crt_stdio_output@@IAE_NAAU_CRT_DOUBLE@@@Z 1001d2a4 f i libucrt:output.obj
 0001:0001c32c       ??$extract_argument_from_va_list@U_CRT_DOUBLE@@U1@@?$positional_parameter_base@_WV?$string_output_adapter@_W@__crt_stdio_output@@@__crt_stdio_output@@IAE_NAAU_CRT_DOUBLE@@@Z 1001d32c f i libucrt:output.obj
 0001:0001c3b4       ??$extract_argument_from_va_list@U_CRT_DOUBLE@@U1@@?$standard_base@DV?$stream_output_adapter@D@__crt_stdio_output@@@__crt_stdio_output@@IAE_NAAU_CRT_DOUBLE@@@Z 1001d3b4 f i libucrt:output.obj
 0001:0001c3d4       ??$extract_argument_from_va_list@U_CRT_DOUBLE@@U1@@?$standard_base@DV?$string_output_adapter@D@__crt_stdio_output@@@__crt_stdio_output@@IAE_NAAU_CRT_DOUBLE@@@Z 1001d3d4 f i libucrt:output.obj
 0001:0001c3f4       ??$extract_argument_from_va_list@U_CRT_DOUBLE@@U1@@?$standard_base@_WV?$stream_output_adapter@_W@__crt_stdio_output@@@__crt_stdio_output@@IAE_NAAU_CRT_DOUBLE@@@Z 1001d3f4 f i libucrt:output.obj
 0001:0001c414       ??$extract_argument_from_va_list@U_CRT_DOUBLE@@U1@@?$standard_base@_WV?$string_output_adapter@_W@__crt_stdio_output@@@__crt_stdio_output@@IAE_NAAU_CRT_DOUBLE@@@Z 1001d414 f i libucrt:output.obj
 0001:0001c434       ??$extract_argument_from_va_list@_J_J@?$positional_parameter_base@DV?$stream_output_adapter@D@__crt_stdio_output@@@__crt_stdio_output@@IAE_NAA_J@Z 1001d434 f i libucrt:output.obj
 0001:0001c4bc       ??$extract_argument_from_va_list@_J_J@?$positional_parameter_base@DV?$string_output_adapter@D@__crt_stdio_output@@@__crt_stdio_output@@IAE_NAA_J@Z 1001d4bc f i libucrt:output.obj
 0001:0001c544       ??$extract_argument_from_va_list@_J_J@?$positional_parameter_base@_WV?$stream_output_adapter@_W@__crt_stdio_output@@@__crt_stdio_output@@IAE_NAA_J@Z 1001d544 f i libucrt:output.obj
 0001:0001c5cc       ??$extract_argument_from_va_list@_J_J@?$positional_parameter_base@_WV?$string_output_adapter@_W@__crt_stdio_output@@@__crt_stdio_output@@IAE_NAA_J@Z 1001d5cc f i libucrt:output.obj
 0001:0001c654       ??$extract_argument_from_va_list@_J_J@?$standard_base@DV?$stream_output_adapter@D@__crt_stdio_output@@@__crt_stdio_output@@IAE_NAA_J@Z 1001d654 f i libucrt:output.obj
 0001:0001c674       ??$extract_argument_from_va_list@_J_J@?$standard_base@DV?$string_output_adapter@D@__crt_stdio_output@@@__crt_stdio_output@@IAE_NAA_J@Z 1001d674 f i libucrt:output.obj
 0001:0001c694       ??$extract_argument_from_va_list@_J_J@?$standard_base@_WV?$stream_output_adapter@_W@__crt_stdio_output@@@__crt_stdio_output@@IAE_NAA_J@Z 1001d694 f i libucrt:output.obj
 0001:0001c6b4       ??$extract_argument_from_va_list@_J_J@?$standard_base@_WV?$string_output_adapter@_W@__crt_stdio_output@@@__crt_stdio_output@@IAE_NAA_J@Z 1001d6b4 f i libucrt:output.obj
 0001:0001c6d4       ??$extract_argument_from_va_list@_K_J@?$positional_parameter_base@DV?$stream_output_adapter@D@__crt_stdio_output@@@__crt_stdio_output@@IAE_NAA_J@Z 1001d6d4 f i libucrt:output.obj
 0001:0001c75c       ??$extract_argument_from_va_list@_K_J@?$positional_parameter_base@DV?$string_output_adapter@D@__crt_stdio_output@@@__crt_stdio_output@@IAE_NAA_J@Z 1001d75c f i libucrt:output.obj
 0001:0001c7e4       ??$extract_argument_from_va_list@_K_J@?$positional_parameter_base@_WV?$stream_output_adapter@_W@__crt_stdio_output@@@__crt_stdio_output@@IAE_NAA_J@Z 1001d7e4 f i libucrt:output.obj
 0001:0001c86c       ??$extract_argument_from_va_list@_K_J@?$positional_parameter_base@_WV?$string_output_adapter@_W@__crt_stdio_output@@@__crt_stdio_output@@IAE_NAA_J@Z 1001d86c f i libucrt:output.obj
 0001:0001c8f4       ??$extract_argument_from_va_list@_K_J@?$standard_base@DV?$stream_output_adapter@D@__crt_stdio_output@@@__crt_stdio_output@@IAE_NAA_J@Z 1001d8f4 f i libucrt:output.obj
 0001:0001c914       ??$extract_argument_from_va_list@_K_J@?$standard_base@DV?$string_output_adapter@D@__crt_stdio_output@@@__crt_stdio_output@@IAE_NAA_J@Z 1001d914 f i libucrt:output.obj
 0001:0001c934       ??$extract_argument_from_va_list@_K_J@?$standard_base@_WV?$stream_output_adapter@_W@__crt_stdio_output@@@__crt_stdio_output@@IAE_NAA_J@Z 1001d934 f i libucrt:output.obj
 0001:0001c954       ??$extract_argument_from_va_list@_K_J@?$standard_base@_WV?$string_output_adapter@_W@__crt_stdio_output@@@__crt_stdio_output@@IAE_NAA_J@Z 1001d954 f i libucrt:output.obj
 0001:0001c974       ??$extract_argument_from_va_list@_W_W@?$positional_parameter_base@DV?$stream_output_adapter@D@__crt_stdio_output@@@__crt_stdio_output@@IAE_NAA_W@Z 1001d974 f i libucrt:output.obj
 0001:0001c9f2       ??$extract_argument_from_va_list@_W_W@?$positional_parameter_base@DV?$string_output_adapter@D@__crt_stdio_output@@@__crt_stdio_output@@IAE_NAA_W@Z 1001d9f2 f i libucrt:output.obj
 0001:0001ca70       ??$extract_argument_from_va_list@_W_W@?$positional_parameter_base@_WV?$stream_output_adapter@_W@__crt_stdio_output@@@__crt_stdio_output@@IAE_NAA_W@Z 1001da70 f i libucrt:output.obj
 0001:0001caee       ??$extract_argument_from_va_list@_W_W@?$positional_parameter_base@_WV?$string_output_adapter@_W@__crt_stdio_output@@@__crt_stdio_output@@IAE_NAA_W@Z 1001daee f i libucrt:output.obj
 0001:0001cb6c       ??$extract_argument_from_va_list@_W_W@?$standard_base@DV?$stream_output_adapter@D@__crt_stdio_output@@@__crt_stdio_output@@IAE_NAA_W@Z 1001db6c f i libucrt:output.obj
 0001:0001cb88       ??$extract_argument_from_va_list@_W_W@?$standard_base@DV?$string_output_adapter@D@__crt_stdio_output@@@__crt_stdio_output@@IAE_NAA_W@Z 1001db88 f i libucrt:output.obj
 0001:0001cba4       ??$extract_argument_from_va_list@_W_W@?$standard_base@_WV?$stream_output_adapter@_W@__crt_stdio_output@@@__crt_stdio_output@@IAE_NAA_W@Z 1001dba4 f i libucrt:output.obj
 0001:0001cbc0       ??$extract_argument_from_va_list@_W_W@?$standard_base@_WV?$string_output_adapter@_W@__crt_stdio_output@@@__crt_stdio_output@@IAE_NAA_W@Z 1001dbc0 f i libucrt:output.obj
 0001:0001cbdc       ??$get_parameter_type@D@?$positional_parameter_base@DV?$stream_output_adapter@D@__crt_stdio_output@@@__crt_stdio_output@@CA?AW4parameter_type@01@PAD@Z 1001dbdc f i libucrt:output.obj
 0001:0001cbe0       ??$get_parameter_type@D@?$positional_parameter_base@DV?$string_output_adapter@D@__crt_stdio_output@@@__crt_stdio_output@@CA?AW4parameter_type@01@PAD@Z 1001dbe0 f i libucrt:output.obj
 0001:0001cbe4       ??$get_parameter_type@D@?$positional_parameter_base@_WV?$stream_output_adapter@_W@__crt_stdio_output@@@__crt_stdio_output@@CA?AW4parameter_type@01@PAD@Z 1001dbe4 f i libucrt:output.obj
 0001:0001cbe8       ??$get_parameter_type@D@?$positional_parameter_base@_WV?$string_output_adapter@_W@__crt_stdio_output@@@__crt_stdio_output@@CA?AW4parameter_type@01@PAD@Z 1001dbe8 f i libucrt:output.obj
 0001:0001cbfc       ??$get_parameter_type@X@?$positional_parameter_base@DV?$stream_output_adapter@D@__crt_stdio_output@@@__crt_stdio_output@@CA?AW4parameter_type@01@PAX@Z 1001dbfc f i libucrt:output.obj
 0001:0001cc00       ??$get_parameter_type@X@?$positional_parameter_base@DV?$string_output_adapter@D@__crt_stdio_output@@@__crt_stdio_output@@CA?AW4parameter_type@01@PAX@Z 1001dc00 f i libucrt:output.obj
 0001:0001cc04       ??$get_parameter_type@X@?$positional_parameter_base@_WV?$stream_output_adapter@_W@__crt_stdio_output@@@__crt_stdio_output@@CA?AW4parameter_type@01@PAX@Z 1001dc04 f i libucrt:output.obj
 0001:0001cc08       ??$get_parameter_type@X@?$positional_parameter_base@_WV?$string_output_adapter@_W@__crt_stdio_output@@@__crt_stdio_output@@CA?AW4parameter_type@01@PAX@Z 1001dc08 f i libucrt:output.obj
 0001:0001cc0c       ??$is_character_specifier@D@?$positional_parameter_base@DV?$stream_output_adapter@D@__crt_stdio_output@@@__crt_stdio_output@@CA_ND@Z 1001dc0c f i libucrt:output.obj
 0001:0001cc24       ??$is_character_specifier@D@?$positional_parameter_base@DV?$string_output_adapter@D@__crt_stdio_output@@@__crt_stdio_output@@CA_ND@Z 1001dc24 f i libucrt:output.obj
 0001:0001cc3c       ??$is_character_specifier@_W@?$positional_parameter_base@_WV?$stream_output_adapter@_W@__crt_stdio_output@@@__crt_stdio_output@@CA_N_W@Z 1001dc3c f i libucrt:output.obj
 0001:0001cc57       ??$is_character_specifier@_W@?$positional_parameter_base@_WV?$string_output_adapter@_W@__crt_stdio_output@@@__crt_stdio_output@@CA_N_W@Z 1001dc57 f i libucrt:output.obj
 0001:0001cc72       ??$is_integral_specifier@D@?$positional_parameter_base@DV?$stream_output_adapter@D@__crt_stdio_output@@@__crt_stdio_output@@CA_ND@Z 1001dc72 f i libucrt:output.obj
 0001:0001cc9e       ??$is_integral_specifier@D@?$positional_parameter_base@DV?$string_output_adapter@D@__crt_stdio_output@@@__crt_stdio_output@@CA_ND@Z 1001dc9e f i libucrt:output.obj
 0001:0001ccca       ??$is_integral_specifier@_W@?$positional_parameter_base@_WV?$stream_output_adapter@_W@__crt_stdio_output@@@__crt_stdio_output@@CA_N_W@Z 1001dcca f i libucrt:output.obj
 0001:0001cd05       ??$is_integral_specifier@_W@?$positional_parameter_base@_WV?$string_output_adapter@_W@__crt_stdio_output@@@__crt_stdio_output@@CA_N_W@Z 1001dd05 f i libucrt:output.obj
 0001:0001cd40       ??$is_pointer_specifier@D@?$positional_parameter_base@DV?$stream_output_adapter@D@__crt_stdio_output@@@__crt_stdio_output@@CA_ND@Z 1001dd40 f i libucrt:output.obj
 0001:0001cd4e       ??$is_pointer_specifier@D@?$positional_parameter_base@DV?$string_output_adapter@D@__crt_stdio_output@@@__crt_stdio_output@@CA_ND@Z 1001dd4e f i libucrt:output.obj
 0001:0001cd5c       ??$is_pointer_specifier@_W@?$positional_parameter_base@_WV?$stream_output_adapter@_W@__crt_stdio_output@@@__crt_stdio_output@@CA_N_W@Z 1001dd5c f i libucrt:output.obj
 0001:0001cd6b       ??$is_pointer_specifier@_W@?$positional_parameter_base@_WV?$string_output_adapter@_W@__crt_stdio_output@@@__crt_stdio_output@@CA_N_W@Z 1001dd6b f i libucrt:output.obj
 0001:0001cd7a       ??$is_string_specifier@D@?$positional_parameter_base@DV?$stream_output_adapter@D@__crt_stdio_output@@@__crt_stdio_output@@CA_ND@Z 1001dd7a f i libucrt:output.obj
 0001:0001cd92       ??$is_string_specifier@D@?$positional_parameter_base@DV?$string_output_adapter@D@__crt_stdio_output@@@__crt_stdio_output@@CA_ND@Z 1001dd92 f i libucrt:output.obj
 0001:0001cdaa       ??$is_string_specifier@_W@?$positional_parameter_base@_WV?$stream_output_adapter@_W@__crt_stdio_output@@@__crt_stdio_output@@CA_N_W@Z 1001ddaa f i libucrt:output.obj
 0001:0001cdc5       ??$is_string_specifier@_W@?$positional_parameter_base@_WV?$string_output_adapter@_W@__crt_stdio_output@@@__crt_stdio_output@@CA_N_W@Z 1001ddc5 f i libucrt:output.obj
 0001:0001cde0       ??$is_wide_character_specifier@D@__crt_stdio_output@@YA_N_KDW4length_modifier@0@@Z 1001dde0 f i libucrt:output.obj
 0001:0001ce11       ??$is_wide_character_specifier@_W@__crt_stdio_output@@YA_N_K_WW4length_modifier@0@@Z 1001de11 f i libucrt:output.obj
 0001:0001ce5f       ??$peek_va_arg@C@__crt_stdio_output@@YACPAD@Z 1001de5f f i libucrt:output.obj
 0001:0001ce6b       ??$peek_va_arg@E@__crt_stdio_output@@YAEPAD@Z 1001de6b f i libucrt:output.obj
 0001:0001ce77       ??$peek_va_arg@F@__crt_stdio_output@@YAFPAD@Z 1001de77 f i libucrt:output.obj
 0001:0001ce84       ??$peek_va_arg@G@__crt_stdio_output@@YAGPAD@Z 1001de84 f i libucrt:output.obj
 0001:0001ce91       ??$peek_va_arg@H@__crt_stdio_output@@YAHPAD@Z 1001de91 f i libucrt:output.obj
 0001:0001ce9d       ??$peek_va_arg@I@__crt_stdio_output@@YAIPAD@Z 1001de9d f i libucrt:output.obj
 0001:0001cea9       ??$peek_va_arg@PAD@__crt_stdio_output@@YAPADPAD@Z 1001dea9 f i libucrt:output.obj
 0001:0001cee5       ??$peek_va_arg@PAX@__crt_stdio_output@@YAPAXPAD@Z 1001dee5 f i libucrt:output.obj
 0001:0001cef1       ??$peek_va_arg@U_CRT_DOUBLE@@@__crt_stdio_output@@YA?AU_CRT_DOUBLE@@PAD@Z 1001def1 f i libucrt:output.obj
 0001:0001cf00       ??$peek_va_arg@_J@__crt_stdio_output@@YA_JPAD@Z 1001df00 f i libucrt:output.obj
 0001:0001cf0f       ??$peek_va_arg@_K@__crt_stdio_output@@YA_KPAD@Z 1001df0f f i libucrt:output.obj
 0001:0001cf1e       ??$peek_va_arg@_W@__crt_stdio_output@@YA_WPAD@Z 1001df1e f i libucrt:output.obj
 0001:0001cf2b       ??$puttc_nolock@ABDPAU_iobuf@@@?$__crt_char_traits@D@@SAHABD$$QAPAU_iobuf@@@Z 1001df2b f i libucrt:output.obj
[...]
 0002:0000c2b0       __sehtable$?__acrt_stdio_allocate_stream@@YA?AV__crt_stdio_stream@@XZ 1005f2b0     libucrt:stream.obj
 0002:0000c2d0       __sehtable$??$?RV<lambda_2866be3712abc81a800a822484c830d8>@@AAV<lambda_39ca0ed439415581b5b15c265174cece>@@V<lambda_2b24c74d71094a6cd0cb82e44167d71b>@@@?$__crt_seh_guarded_call@X@@QAEX$$QAV<lambda_2866be3712abc81a800a822484c830d8>@@AAV<lambda_39ca0ed439415581b5b15c265174cece>@@$$QAV<lambda_2b24c74d71094a6cd0cb82e44167d71b>@@@Z 1005f2d0     libucrt:fflush.obj
 0002:0000c2f0       __sehtable$??$?RV<lambda_2cc53f568c5a2bb6f192f930a45d44ea>@@AAV<lambda_ab61a845afdef5b7c387490eaf3616ee>@@V<lambda_c2ffc0b7726aa6be21d5f0026187e748>@@@?$__crt_seh_guarded_call@X@@QAEX$$QAV<lambda_2cc53f568c5a2bb6f192f930a45d44ea>@@AAV<lambda_ab61a845afdef5b7c387490eaf3616ee>@@$$QAV<lambda_c2ffc0b7726aa6be21d5f0026187e748>@@@Z 1005f2f0     libucrt:fflush.obj
 0002:0000c310       __sehtable$??$?RV<lambda_6d20deecaf4856105ebacbad442d1079>@@AAV<lambda_9a32fed5bf61b6b509b2d3f6003082a1>@@V<lambda_63ea2239ed67c638ddbae41947fdf875>@@@?$__crt_seh_guarded_call@H@@QAEH$$QAV<lambda_6d20deecaf4856105ebacbad442d1079>@@AAV<lambda_9a32fed5bf61b6b509b2d3f6003082a1>@@$$QAV<lambda_63ea2239ed67c638ddbae41947fdf875>@@@Z 1005f310     libucrt:fflush.obj
 0002:0000c330       __sehtable$??$?RV<lambda_93797fb4802c957ba6a7f08e1250235b>@@AAV<lambda_1f3ce6bd48e0aa2e72a71c02eee379d3>@@V<lambda_56cae30c9364c9b6c15aeaac05d0418e>@@@?$__crt_seh_guarded_call@H@@QAEH$$QAV<lambda_93797fb4802c957ba6a7f08e1250235b>@@AAV<lambda_1f3ce6bd48e0aa2e72a71c02eee379d3>@@$$QAV<lambda_56cae30c9364c9b6c15aeaac05d0418e>@@@Z 1005f330     libucrt:winapi_thunks.obj
 0002:0000c350       __sehtable$?update_thread_multibyte_data_internal@@YAPAU__crt_multibyte_data@@QAU__acrt_ptd@@QAPAU1@@Z 1005f350     libucrt:mbctype.obj
 0002:0000c370       __sehtable$??$?RV<lambda_ceb1ee4838e85a9d631eb091e2fbe199>@@AAV<lambda_ae742caa10f662c28703da3d2ea5e57e>@@V<lambda_cd08b5d6af4937fe54fc07d0c9bf6b37>@@@?$__crt_seh_guarded_call@X@@QAEX$$QAV<lambda_ceb1ee4838e85a9d631eb091e2fbe199>@@AAV<lambda_ae742caa10f662c28703da3d2ea5e57e>@@$$QAV<lambda_cd08b5d6af4937fe54fc07d0c9bf6b37>@@@Z 1005f370     libucrt:mbctype.obj
 0002:0000c390       __sehtable$__query_new_handler 1005f390     libucrt:new_handler.obj
 0002:0000c3b0       __sehtable$__set_new_handler 1005f3b0     libucrt:new_handler.obj
 0002:0000c3d0       __sehtable$_signal         1005f3d0     libucrt:signal.obj
 0002:0000c3f0       __sehtable$_raise          1005f3f0     libucrt:signal.obj
 0002:0000c410       __sehtable$?ctrlevent_capture@@YGHK@Z 1005f410     libucrt:signal.obj
 0002:0000c430       __sehtable$??$?RV<lambda_cbab9ec6f41b0180b23cc171c22676b0>@@AAV<lambda_44731a7d0e6d81c3e6aa82d741081786>@@V<lambda_4b292cb8dd18144e164572427af410ab>@@@?$__crt_seh_guarded_call@P6AXH@Z@@QAEP6AXH@Z$$QAV<lambda_cbab9ec6f41b0180b23cc171c22676b0>@@AAV<lambda_44731a7d0e6d81c3e6aa82d741081786>@@$$QAV<lambda_4b292cb8dd18144e164572427af410ab>@@@Z 1005f430     libucrt:signal.obj
 0002:0000c450       __sehtable$___acrt_update_thread_locale_data 1005f450     libucrt:locale_refcounting.obj
 0002:0000c470       __sehtable$__fcloseall     1005f470     libucrt:closeall.obj
 0002:0000c490       __sehtable$??$?RV<lambda_9e9de3de5fa147e2223d7db92bc10aa6>@@AAV<lambda_38ce7e780aa69e748d6df282ebc68efe>@@V<lambda_8ca6da459f0f6780f1cff60fdc3d00e5>@@@?$__crt_seh_guarded_call@H@@QAEH$$QAV<lambda_9e9de3de5fa147e2223d7db92bc10aa6>@@AAV<lambda_38ce7e780aa69e748d6df282ebc68efe>@@$$QAV<lambda_8ca6da459f0f6780f1cff60fdc3d00e5>@@@Z 1005f490     libucrt:commit.obj
 0002:0000c4b0       __sehtable$___set_fpsr_sse2 1005f4b0     libucrt:fpctrl.obj
 0002:0000c4d0       __sehtable$__IsNonwritableInCurrentImage 1005f4d0     LIBCMT:pesect.obj
 0002:0000c4f0       .edata                     1005f4f0     zlibwapi.exp
 0002:0000c518       rgpv                       1005f518     zlibwapi.exp
 0002:0000c7d4       rgszName                   1005f7d4     zlibwapi.exp
 0002:0000c9d8       rgwOrd                     1005f9d8     zlibwapi.exp
 0002:0000cada       szName                     1005fada     zlibwapi.exp
 0002:0000cae7       $N00001                    1005fae7     zlibwapi.exp
 0002:0000caef       $N00140                    1005faef     zlibwapi.exp
 0002:0000caff       $N00174                    1005faff     zlibwapi.exp
 0002:0000cb09       $N00039                    1005fb09     zlibwapi.exp
 0002:0000cb13       $N00002                    1005fb13     zlibwapi.exp
 0002:0000cb1c       $N00046                    1005fb1c     zlibwapi.exp
 0002:0000cb2a       $N00003                    1005fb2a     zlibwapi.exp
 0002:0000cb30       $N00142                    1005fb30     zlibwapi.exp
 0002:0000cb3e       $N00175                    1005fb3e     zlibwapi.exp
 0002:0000cb46       $N00004                    1005fb46     zlibwapi.exp
 0002:0000cb4e       $N00047                    1005fb4e     zlibwapi.exp
 0002:0000cb5b       $N00005                    1005fb5b     zlibwapi.exp
 0002:0000cb67       $N00006                    1005fb67     zlibwapi.exp
 0002:0000cb72       $N00173                    1005fb72     zlibwapi.exp
 0002:0000cb87       $N00007                    1005fb87     zlibwapi.exp
 0002:0000cb95       $N00008                    1005fb95     zlibwapi.exp
 0002:0000cba2       $N00009                    1005fba2     zlibwapi.exp
 0002:0000cbb0       $N00052                    1005fbb0     zlibwapi.exp
 0002:0000cbbf       $N00051                    1005fbbf     zlibwapi.exp
 0002:0000cbcc       $N00010                    1005fbcc     zlibwapi.exp
 0002:0000cbd9       $N00164                    1005fbd9     zlibwapi.exp
 0002:0000cbea       $N00011                    1005fbea     zlibwapi.exp
 0002:0000cbff       $N00144                    1005fbff     zlibwapi.exp
 0002:0000cc10       $N00145                    1005fc10     zlibwapi.exp
 0002:0000cc1c       $N00110                    1005fc1c     zlibwapi.exp
 0002:0000cc30       $N00111                    1005fc30     zlibwapi.exp
 0002:0000cc46       $N00112                    1005fc46     zlibwapi.exp
 0002:0000cc5d       $N00113                    1005fc5d     zlibwapi.exp
 0002:0000cc74       $N00038                    1005fc74     zlibwapi.exp
 0002:0000cc82       $N00146                    1005fc82     zlibwapi.exp
 0002:0000cc8b       $N00048                    1005fc8b     zlibwapi.exp
 0002:0000cc96       $N00012                    1005fc96     zlibwapi.exp
 0002:0000cc9e       $N00147                    1005fc9e     zlibwapi.exp
 0002:0000cca8       $N00148                    1005fca8     zlibwapi.exp
 0002:0000ccb2       $N00149                    1005fcb2     zlibwapi.exp
 0002:0000ccbb       $N00013                    1005fcbb     zlibwapi.exp
 0002:0000ccc3       $N00034                    1005fcc3     zlibwapi.exp
 0002:0000ccc9       $N00014                    1005fcc9     zlibwapi.exp
 0002:0000ccd1       $N00015                    1005fcd1     zlibwapi.exp
 0002:0000ccd9       $N00171                    1005fcd9     zlibwapi.exp
 0002:0000cce1       $N00172                    1005fce1     zlibwapi.exp
 0002:0000ccea       $N00030                    1005fcea     zlibwapi.exp
 0002:0000ccf1       $N00161                    1005fcf1     zlibwapi.exp
 0002:0000ccf9       $N00041                    1005fcf9     zlibwapi.exp
 0002:0000cd00       $N00150                    1005fd00     zlibwapi.exp
 0002:0000cd09       $N00016                    1005fd09     zlibwapi.exp
 0002:0000cd10       $N00165                    1005fd10     zlibwapi.exp
 0002:0000cd19       $N00028                    1005fd19     zlibwapi.exp
 0002:0000cd22       $N00029                    1005fd22     zlibwapi.exp
 0002:0000cd29       $N00040                    1005fd29     zlibwapi.exp
 0002:0000cd30       $N00017                    1005fd30     zlibwapi.exp
 0002:0000cd37       $N00032                    1005fd37     zlibwapi.exp
 0002:0000cd40       $N00031                    1005fd40     zlibwapi.exp
 0002:0000cd47       $N00035                    1005fd47     zlibwapi.exp
 0002:0000cd53       $N00033                    1005fd53     zlibwapi.exp
 0002:0000cd5a       $N00049                    1005fd5a     zlibwapi.exp
 0002:0000cd63       $N00167                    1005fd63     zlibwapi.exp
 0002:0000cd6d       $N00018                    1005fd6d     zlibwapi.exp
 0002:0000cd75       $N00019                    1005fd75     zlibwapi.exp
 0002:0000cd7d       $N00044                    1005fd7d     zlibwapi.exp
 0002:0000cd89       $N00045                    1005fd89     zlibwapi.exp
 0002:0000cd98       $N00043                    1005fd98     zlibwapi.exp
 0002:0000cda9       $N00168                    1005fda9     zlibwapi.exp
 0002:0000cdba       $N00042                    1005fdba     zlibwapi.exp
 0002:0000cdc6       $N00020                    1005fdc6     zlibwapi.exp
 0002:0000cdd1       $N00166                    1005fdd1     zlibwapi.exp
 0002:0000cde6       $N00156                    1005fde6     zlibwapi.exp
 0002:0000cdf7       $N00021                    1005fdf7     zlibwapi.exp
 0002:0000ce05       $N00022                    1005fe05     zlibwapi.exp
 0002:0000ce12       $N00157                    1005fe12     zlibwapi.exp
 0002:0000ce1e       $N00158                    1005fe1e     zlibwapi.exp
 0002:0000ce2b       $N00159                    1005fe2b     zlibwapi.exp
 0002:0000ce39       $N00023                    1005fe39     zlibwapi.exp
 0002:0000ce46       $N00163                    1005fe46     zlibwapi.exp
 0002:0000ce57       $N00024                    1005fe57     zlibwapi.exp
 0002:0000ce6c       $N00025                    1005fe6c     zlibwapi.exp
 0002:0000ce78       $N00037                    1005fe78     zlibwapi.exp
 0002:0000ce89       $N00160                    1005fe89     zlibwapi.exp
 0002:0000ce9a       $N00169                    1005fe9a     zlibwapi.exp
 0002:0000ceaa       $N00170                    1005feaa     zlibwapi.exp
 0002:0000ceb6       $N00026                    1005feb6     zlibwapi.exp
 0002:0000cec1       $N00062                    1005fec1     zlibwapi.exp
 0002:0000ceca       $N00072                    1005feca     zlibwapi.exp
 0002:0000cede       $N00124                    1005fede     zlibwapi.exp
 0002:0000cef6       $N00064                    1005fef6     zlibwapi.exp
 0002:0000cf0c       $N00125                    1005ff0c     zlibwapi.exp
 0002:0000cf2a       $N00127                    1005ff2a     zlibwapi.exp
 0002:0000cf3a       $N00100                    1005ff3a     zlibwapi.exp
 0002:0000cf48       $N00073                    1005ff48     zlibwapi.exp
 0002:0000cf5c       $N00122                    1005ff5c     zlibwapi.exp
 0002:0000cf6f       $N00063                    1005ff6f     zlibwapi.exp
 0002:0000cf80       $N00076                    1005ff80     zlibwapi.exp
 0002:0000cf96       $N00128                    1005ff96     zlibwapi.exp
 0002:0000cfa7       $N00101                    1005ffa7     zlibwapi.exp
 0002:0000cfb6       $N00065                    1005ffb6     zlibwapi.exp
 0002:0000cfc7       $N00066                    1005ffc7     zlibwapi.exp
 0002:0000cfd7       $N00075                    1005ffd7     zlibwapi.exp
 0002:0000cfe5       $N00077                    1005ffe5     zlibwapi.exp
 0002:0000cfee       $N00121                    1005ffee     zlibwapi.exp
 0002:0000cffa       $N00120                    1005fffa     zlibwapi.exp
 0002:0000d004       $N00061                    10060004     zlibwapi.exp
 0002:0000d00c       $N00078                    1006000c     zlibwapi.exp
 0002:0000d020       $N00069                    10060020     zlibwapi.exp
 0002:0000d034       $N00067                    10060034     zlibwapi.exp
 0002:0000d047       $N00079                    10060047     zlibwapi.exp
 0002:0000d062       $N00068                    10060062     zlibwapi.exp
 0002:0000d075       $N00074                    10060075     zlibwapi.exp
 0002:0000d08e       $N00071                    1006008e     zlibwapi.exp
 0002:0000d095       $N00126                    10060095     zlibwapi.exp
 0002:0000d09f       $N00070                    1006009f     zlibwapi.exp
 0002:0000d0a7       $N00036                    100600a7     zlibwapi.exp
 0002:0000d0ae       $N00084                    100600ae     zlibwapi.exp
 0002:0000d0b7       $N00083                    100600b7     zlibwapi.exp
 0002:0000d0c9       $N00136                    100600c9     zlibwapi.exp
 0002:0000d0e0       $N00087                    100600e0     zlibwapi.exp
 0002:0000d0f5       $N00088                    100600f5     zlibwapi.exp
 0002:0000d0fe       $N00131                    100600fe     zlibwapi.exp
 0002:0000d10a       $N00130                    1006010a     zlibwapi.exp
 0002:0000d114       $N00080                    10060114     zlibwapi.exp
 0002:0000d11c       $N00086                    1006011c     zlibwapi.exp
 0002:0000d131       $N00133                    10060131     zlibwapi.exp
 0002:0000d149       $N00089                    10060149     zlibwapi.exp
 0002:0000d15e       $N00134                    1006015e     zlibwapi.exp
 0002:0000d176       $N00135                    10060176     zlibwapi.exp
 0002:0000d18e       $N00132                    1006018e     zlibwapi.exp
 0002:0000d1a4       $N00081                    100601a4     zlibwapi.exp
 0002:0000d1b8       $N00082                    100601b8     zlibwapi.exp
 0002:0000d1cc       $N00050                    100601cc     zlibwapi.exp
 0002:0000d1dd       $N00027                    100601dd     zlibwapi.exp
 0002:0000d3d8       .idata$6                   100603d8     kernel32:KERNEL32.dll
 0003:00000020       ?__vcrt_flsindex@@3KA      10061020     libvcruntime:per_thread_data.obj
 0003:00000140       ?errno_no_memory@@3HA      10061140     libucrt:errno.obj
 0003:00000144       ?doserrno_no_memory@@3KA   10061144     libucrt:errno.obj
 0003:00000180       ?__acrt_flsindex@@3KA      10061180     libucrt:per_thread_data.obj
 0003:00000184       __ctype_loc_style          10061184     libucrt:wsetlocale.obj
 0003:00000308       __mbctypes                 10061308     libucrt:mbctype.obj
 0003:00000410       __mbcasemaps               10061410     libucrt:mbctype.obj
 0003:00000510       ?__rgctypeflag@@3PADA      10061510     libucrt:mbctype.obj
 0003:00000518       ?__rgcode_page_info@@3PAUcode_page_info@@A 10061518     libucrt:mbctype.obj
 0003:0000088c       ?__dcrt_lowio_console_output_handle@@3PAXA 1006188c     libucrt:initcon.obj
 0003:00000890       ?__DAZ_ENABLED@?1??__set_fpsr_sse2@@9@9 10061890     libucrt:fpctrl.obj
 0003:00000968       ?__proc_attached@@3HA      10061968     LIBCMT:dll_dllmain.obj
 0003:00000990       ?module_local_atexit_table@@3U_onexit_table_t@@A 10061990     LIBCMT:utility.obj
 0003:0000099c       ?module_local_at_quick_exit_table@@3U_onexit_table_t@@A 1006199c     LIBCMT:utility.obj
 0003:000009a8       ?module_local_atexit_table_initialized@@3_NA 100619a8     LIBCMT:utility.obj
 0003:000009a9       ?is_initialized_as_dll@@3_NA 100619a9     LIBCMT:utility.obj
 0003:000009b8       _GS_ExceptionRecord        100619b8     LIBCMT:gs_report.obj
 0003:00000a08       _GS_ContextRecord          10061a08     LIBCMT:gs_report.obj
 0003:00000cfc       ?heap@@3V_HeapManager@@A   10061cfc     libvcruntime:undname.obj
 0003:00000d10       ?__vcrt_startup_thread_ptd@@3U__vcrt_ptd@@A 10061d10     libvcruntime:per_thread_data.obj
 0003:00000d38       ___vcrt_lock_table         10061d38     libvcruntime:locks.obj
 0003:00000d50       ___vcrt_locks_initialized  10061d50     libvcruntime:locks.obj
 0003:00000d54       ?module_handles@@3PAPAUHINSTANCE__@@A 10061d54     libvcruntime:winapi_downlevel.obj
 0003:00000d60       ?encoded_function_pointers@@3PAPAXA 10061d60     libvcruntime:winapi_downlevel.obj
 0003:00000d78       ?c_termination_complete@@3JA 10061d78     libucrt:exit.obj
 0003:00000d7c       ?thread_local_exit_callback_func@@3P6GXPAXK0@ZA 10061d7c     libucrt:exit.obj
 0003:00000d88       ?program_name@?1???$common_configure_argv@D@@YAHW4_crt_argv_mode@@@Z@4PADA 10061d88     libucrt:argv_parsing.obj
 0003:00000e90       ?program_name@?1???$common_configure_argv@_W@@YAHW4_crt_argv_mode@@@Z@4PA_WA 10061e90     libucrt:argv_parsing.obj
 0003:000010c4       ?__acrt_invalid_parameter_handler@@3V?$dual_state_global@P6AXPB_W00II@Z@__crt_state_management@@A 100620c4     libucrt:invalid_parameter.obj
 0003:000012e4       ?enable_percent_n@@3IA     100622e4     libucrt:printf_count_output.obj
 0003:000012f0       ?module_handles@@3PAPAUHINSTANCE__@@A 100622f0     libucrt:winapi_thunks.obj
 0003:00001340       ?encoded_function_pointers@@3PAPAXA 10062340     libucrt:winapi_thunks.obj
 0003:000013c8       ?static_enum_proc@?1??enum_system_locales_ex_nolock@@YAHQ6GHPA_WKJ@Z@Z@4P6GH0KJ@ZA 100623c8     libucrt:winapi_thunks.obj
 0003:000013d0       ?__acrt_lock_table@@3PAU_RTL_CRITICAL_SECTION@@A 100623d0     libucrt:locks.obj
 0003:00001520       ?__acrt_locks_initialized@@3IA 10062520     libucrt:locks.obj
 0003:00001524       ?state_cache@?1???$get_cached_win_policy@Ubegin_thread_init_policy_properties@?1??__acrt_get_begin_thread_init_policy@@YA?AW4begin_thread_init_policy@@XZ@@@YA?AW4begin_thread_init_policy@@W4AppPolicyThreadInitializationType@@@Z@4JA 10062524     libucrt:win_policies.obj
 0003:00001528       ?state_cache@?1???$get_cached_win_policy@Udeveloper_information_policy_properties@?1??__acrt_get_developer_information_policy@@YA?AW4developer_information_policy@@XZ@@@YA?AW4developer_information_policy@@W4AppPolicyShowDeveloperDiagnostic@@@Z@4JA 10062528     libucrt:win_policies.obj
 0003:0000152c       ?state_cache@?1???$get_cached_win_policy@Uwindowing_model_policy_properties@?1??__acrt_get_windowing_model_policy@@YA?AW4windowing_model_policy@@XZ@@@YA?AW4windowing_model_policy@@W4AppPolicyWindowingModel@@@Z@4JA 1006252c     libucrt:win_policies.obj
 0003:0000153c       ?fSystemSet@@3HA           1006253c     libucrt:mbctype.obj
 0003:00001540       ?initialized@?1??__acrt_initialize_multibyte@@9@4_NA 10062540     libucrt:mbctype.obj
 0003:00001564       ?__acrt_new_handler@@3V?$dual_state_global@P6AHI@Z@__crt_state_management@@A 10062564     libucrt:new_handler.obj
 0003:00001568       ?console_ctrl_handler_installed@@3_NA 10062568     libucrt:signal.obj
 0003:0000156c       ?ctrlc_action@@3V?$dual_state_global@P6AXH@Z@__crt_state_management@@A 1006256c     libucrt:signal.obj
 0003:00001570       ?ctrlbreak_action@@3V?$dual_state_global@P6AXH@Z@__crt_state_management@@A 10062570     libucrt:signal.obj
 0003:00001574       ?abort_action@@3V?$dual_state_global@P6AXH@Z@__crt_state_management@@A 10062574     libucrt:signal.obj
 0003:00001578       ?term_action@@3V?$dual_state_global@P6AXH@Z@__crt_state_management@@A 10062578     libucrt:signal.obj
 0003:0000157c       ?user_matherr@@3V?$dual_state_global@P6AHPAU_exception@@@Z@__crt_state_management@@A 1006257c     libucrt:matherr.obj
 0003:00001580       ?__acrt_global_new_mode@@3V?$dual_state_global@J@__crt_state_management@@A 10062580     libucrt:new_mode.obj
 0003:00001584       ?__acrt_app_type@@3W4_crt_app_type@@A 10062584     libucrt:report_runtime_error.obj
 0003:00001588       ?outmsg@?9??__acrt_report_runtime_error@@9@4PA_WA 10062588     libucrt:report_runtime_error.obj
 0003:00001bc0       ___acrt_error_mode         10062bc0     libucrt:set_error_mode.obj
 0003:00001bc8       __pmatherr_set             10062bc8     libucrt:libm_error.obj
 0003:00001bcc       ?calls@?1??crypthead@@9@9  10062bcc     zip.obj
 0004:00000060       $R000000                   10063060     zlib.res
